#-----------------------------------------------------------
# Webtalk v2020.2 (64-bit)
# SW Build 3064766 on Wed Nov 18 09:12:45 MST 2020
# IP Build 3064653 on Wed Nov 18 14:17:31 MST 2020
# Start of session at: Mon Apr  5 13:49:54 2021
# Process ID: 19532
# Current directory: C:/Users/lucetre/Documents/semester/21s-hardware-system-design/lab05/prj/lab05/lab05.sim/sim_1/behav/xsim
# Command line: wbtcv.exe -mode batch -source C:/Users/lucetre/Documents/semester/21s-hardware-system-design/lab05/prj/lab05/lab05.sim/sim_1/behav/xsim/xsim.dir/tb_bram_behav/webtalk/xsim_webtalk.tcl -notrace
# Log file: C:/Users/lucetre/Documents/semester/21s-hardware-system-design/lab05/prj/lab05/lab05.sim/sim_1/behav/xsim/webtalk.log
# Journal file: C:/Users/lucetre/Documents/semester/21s-hardware-system-design/lab05/prj/lab05/lab05.sim/sim_1/behav/xsim\webtalk.jou
#-----------------------------------------------------------
source C:/Users/lucetre/Documents/semester/21s-hardware-system-design/lab05/prj/lab05/lab05.sim/sim_1/behav/xsim/xsim.dir/tb_bram_behav/webtalk/xsim_webtalk.tcl -notrace
