#-----------------------------------------------------------
# Vivado v2018.3 (64-bit)
# SW Build 2405991 on Thu Dec  6 23:38:27 MST 2018
# IP Build 2404404 on Fri Dec  7 01:43:56 MST 2018
# Start of session at: Sat Jun 19 11:30:32 2021
# Process ID: 15288
# Current directory: C:/Users/lucet/semester/21s-hardware-system-design/Project/proj/V0/Verilog/Project_V0
# Command line: vivado.exe -gui_launcher_event rodinguilauncherevent11128 C:\Users\lucet\semester\21s-hardware-system-design\Project\proj\V0\Verilog\Project_V0\Project_V0.xpr
# Log file: C:/Users/lucet/semester/21s-hardware-system-design/Project/proj/V0/Verilog/Project_V0/vivado.log
# Journal file: C:/Users/lucet/semester/21s-hardware-system-design/Project/proj/V0/Verilog/Project_V0\vivado.jou
#-----------------------------------------------------------
start_gui
open_project C:/Users/lucet/semester/21s-hardware-system-design/Project/proj/V0/Verilog/Project_V0/Project_V0.xpr
update_compile_order -fileset sources_1
open_bd_design {C:/Users/lucet/semester/21s-hardware-system-design/Project/proj/V0/Verilog/Project_V0/Project_V0.srcs/sources_1/bd/design_1/design_1.bd}
open_bd_design {C:/Users/lucet/semester/21s-hardware-system-design/Project/proj/V0/Verilog/Project_V0/Project_V0.srcs/sources_1/bd/design_1/design_1.bd}
regenerate_bd_layout
regenerate_bd_layout
save_bd_design
