reg__94: floating_point_MAC, 
reg__267: mm_multiplier__GCB1, 
carry_chain__parameterized8: floating_point_MAC, 
shift_msb_first: floating_point_MAC, 
case__201: mm_multiplier__GCB0, 
reg__227: mm_multiplier__GCB0, 
case__169: mm_multiplier__GCB0, 
floating_point_MAC: floating_point_MAC, 
logic__991: mm_multiplier__GCB1, 
flt_fma_mul: floating_point_MAC, 
compare_eq_im__parameterized0: floating_point_MAC, 
reg__31: floating_point_MAC, 
logic__505: floating_point_MAC, 
case__27: floating_point_MAC, 
reg__305: mm_multiplier__GCB1, 
datapath__18: floating_point_MAC, 
logic__529: floating_point_MAC, 
delay_line__parameterized2: floating_point_MAC, 
logic__446: floating_point_MAC, 
logic__1315: mm_multiplier__GCB1, 
case__291: mm_multiplier__GCB1, 
logic__347: floating_point_MAC, 
my_pe__xdcDup__20__GC0: my_pe__xdcDup__20__GC0, 
case__47: floating_point_MAC, 
case__301: mm_multiplier__GCB1, 
case__6: floating_point_MAC, 
case__81: my_pe__xdcDup__11__GC0, 
logic__1582: mm_multiplier__GCB1, 
reg__44: floating_point_MAC, 
case__213: mm_multiplier__GCB0, 
logic__1749: mm_multiplier__GCB0, 
logic__140: floating_point_MAC, 
case__42: floating_point_MAC, 
case__280: mm_multiplier__GCB1, 
case__204: mm_multiplier__GCB0, 
reg__281: mm_multiplier__GCB1, 
logic__516: floating_point_MAC, 
case__262: mm_multiplier__GCB0, 
logic__1546: mm_multiplier__GCB1, 
reg__247: mm_multiplier__GCB0, 
case__222: mm_multiplier__GCB0, 
logic__162: floating_point_MAC, 
reg__66: floating_point_MAC, 
reg__71: floating_point_MAC, 
reg__313: mm_multiplier__GCB1, 
delay: floating_point_MAC, 
delay__parameterized15: floating_point_MAC, 
reg__40: floating_point_MAC, 
reg__138: my_pe__xdcDup__18__GC0, 
reg__283: mm_multiplier__GCB1, 
case__331: mm_multiplier__GCB1, 
reg__286: mm_multiplier__GCB1, 
case__282: mm_multiplier__GCB1, 
my_pe__xdcDup__57__GC0: my_pe__xdcDup__57__GC0, 
logic__739: mm_multiplier__GCB1, 
reg__111: floating_point_MAC, 
logic__170: floating_point_MAC, 
logic__844: mm_multiplier__GCB1, 
logic__137: floating_point_MAC, 
reg__114: floating_point_MAC, 
keep__2206: floating_point_MAC, 
logic__703: mm_multiplier__GCB1, 
delay__parameterized61: floating_point_MAC, 
case__325: mm_multiplier__GCB1, 
logic__100: floating_point_MAC, 
reg__74: floating_point_MAC, 
datapath__15: floating_point_MAC, 
mux4__parameterized1: floating_point_MAC, 
case__84: my_pe__xdcDup__14__GC0, 
my_pe__xdcDup__43__GC0: my_pe__xdcDup__43__GC0, 
logic__1294: mm_multiplier__GCB1, 
reg__5: floating_point_MAC, 
case__311: mm_multiplier__GCB1, 
delay__parameterized1: floating_point_MAC, 
my_pe__xdcDup__58__GC0: my_pe__xdcDup__58__GC0, 
case__242: mm_multiplier__GCB0, 
reg__292: mm_multiplier__GCB1, 
reg__21: floating_point_MAC, 
logic__1330: mm_multiplier__GCB1, 
case__118: my_pe__xdcDup__48__GC0, 
case__225: mm_multiplier__GCB0, 
case__307: mm_multiplier__GCB1, 
delay__parameterized17: floating_point_MAC, 
logic__754: mm_multiplier__GCB1, 
delay__parameterized50: floating_point_MAC, 
keep__2176: floating_point_MAC, 
logic__1096: mm_multiplier__GCB1, 
logic__700: mm_multiplier__GCB1, 
case__100: my_pe__xdcDup__30__GC0, 
delay__parameterized59: floating_point_MAC, 
case__55: floating_point_MAC, 
datapath__11: floating_point_MAC, 
flt_dec_op: floating_point_MAC, 
delay__parameterized64: floating_point_MAC, 
dsp48e1: mm_multiplier__GCB1, 
case__101: my_pe__xdcDup__31__GC0, 
case__69: floating_point_MAC, 
reg__200: mm_multiplier__GCB0, 
case__195: mm_multiplier__GCB0, 
keep__2191: floating_point_MAC, 
case__116: my_pe__xdcDup__46__GC0, 
logic__384: floating_point_MAC, 
case__221: mm_multiplier__GCB0, 
muxpart__24: mm_multiplier__GCB0, 
reg__295: mm_multiplier__GCB1, 
case__283: mm_multiplier__GCB1, 
reg__272: mm_multiplier__GCB1, 
reg__45: floating_point_MAC, 
logic__169: floating_point_MAC, 
case__337: mm_multiplier__GCB1, 
xbip_pipe_v3_0_5_viv__parameterized33: floating_point_MAC, 
logic__348: floating_point_MAC, 
reg__282: mm_multiplier__GCB1, 
logic__847: mm_multiplier__GCB1, 
reg__212: mm_multiplier__GCB0, 
reg__275: mm_multiplier__GCB1, 
logic__151: floating_point_MAC, 
logic__1603: mm_multiplier__GCB1, 
case__250: mm_multiplier__GCB0, 
case__89: my_pe__xdcDup__19__GC0, 
case__63: floating_point_MAC, 
case__135: mm_multiplier__GCB0, 
reg__195: mm_multiplier__GCB0, 
case__68: floating_point_MAC, 
case__240: mm_multiplier__GCB0, 
xbip_pipe_v3_0_5_viv__parameterized1: floating_point_MAC, 
case__264: mm_multiplier__GCB0, 
reg__201: mm_multiplier__GCB0, 
muxpart__13: mm_multiplier__GCB1, 
case__151: mm_multiplier__GCB0, 
case__52: floating_point_MAC, 
logic__107: floating_point_MAC, 
reg__86: floating_point_MAC, 
reg__210: mm_multiplier__GCB0, 
reg__143: my_pe__xdcDup__23__GC0, 
mux4: floating_point_MAC, 
logic__1754: mm_multiplier__GCB0, 
delay__parameterized25: floating_point_MAC, 
case__24: floating_point_MAC, 
reg__112: floating_point_MAC, 
delay__parameterized40: floating_point_MAC, 
muxpart__11: mm_multiplier__GCB1, 
case__316: mm_multiplier__GCB1, 
logic__393: floating_point_MAC, 
reg__58: floating_point_MAC, 
reg__311: mm_multiplier__GCB1, 
case__98: my_pe__xdcDup__28__GC0, 
reg__6: floating_point_MAC, 
logic__988: mm_multiplier__GCB1, 
logic__522: floating_point_MAC, 
shift_msb_first__parameterized0: floating_point_MAC, 
my_pe__xdcDup__61__GC0: my_pe__xdcDup__61__GC0, 
keep__2207: floating_point_MAC, 
case__95: my_pe__xdcDup__25__GC0, 
reg__188: mm_multiplier__GCB0, 
case__184: mm_multiplier__GCB0, 
logic__1240: mm_multiplier__GCB1, 
my_pe__xdcDup__41__GC0: my_pe__xdcDup__41__GC0, 
logic__122: floating_point_MAC, 
muxpart__9: mm_multiplier__GCB0, 
reg__120: floating_point_MAC, 
xbip_pipe_v3_0_5_viv__parameterized43: floating_point_MAC, 
logic__721: mm_multiplier__GCB1, 
reg__35: floating_point_MAC, 
case__183: mm_multiplier__GCB0, 
delay__parameterized12: floating_point_MAC, 
case__10: floating_point_MAC, 
reg__110: floating_point_MAC, 
datapath__32: floating_point_MAC, 
reg__276: mm_multiplier__GCB1, 
flt_fma_addsub: floating_point_MAC, 
reg__304: mm_multiplier__GCB1, 
case__17: floating_point_MAC, 
reg__91: floating_point_MAC, 
reg__255: mm_multiplier__GCB0, 
reg__80: floating_point_MAC, 
logic__1657: mm_multiplier__GCB1, 
delay__parameterized48: floating_point_MAC, 
logic__550: floating_point_MAC, 
xbip_pipe_v3_0_5_viv__parameterized5: floating_point_MAC, 
my_pe__xdcDup__50__GC0: my_pe__xdcDup__50__GC0, 
my_pe__xdcDup__18__GC0: my_pe__xdcDup__18__GC0, 
reg__18: floating_point_MAC, 
logic__115: floating_point_MAC, 
reg__180: my_pe__xdcDup__60__GC0, 
case__312: mm_multiplier__GCB1, 
logic__2090: mm_multiplier__GCB1, 
logic__1045: mm_multiplier__GCB1, 
logic__442: floating_point_MAC, 
reg__214: mm_multiplier__GCB0, 
case__327: mm_multiplier__GCB1, 
case__161: mm_multiplier__GCB0, 
reg__104: floating_point_MAC, 
xbip_pipe_v3_0_5_viv__parameterized23: floating_point_MAC, 
op_resize: floating_point_MAC, 
reg__203: mm_multiplier__GCB0, 
logic__649: mm_multiplier__GCB1, 
delay__parameterized53: floating_point_MAC, 
xbip_pipe_v3_0_5_viv__parameterized57: floating_point_MAC, 
case__267: mm_multiplier__GCB0, 
case__45: floating_point_MAC, 
logic__394: floating_point_MAC, 
reg__270: mm_multiplier__GCB1, 
reg__296: mm_multiplier__GCB1, 
case__266: mm_multiplier__GCB0, 
reg__170: my_pe__xdcDup__50__GC0, 
delay__parameterized3: floating_point_MAC, 
case__66: floating_point_MAC, 
datapath__30: floating_point_MAC, 
case__14: floating_point_MAC, 
reg__172: my_pe__xdcDup__52__GC0, 
case__294: mm_multiplier__GCB1, 
case__231: mm_multiplier__GCB0, 
my_pe__xdcDup__31__GC0: my_pe__xdcDup__31__GC0, 
case__227: mm_multiplier__GCB0, 
delay__parameterized47: floating_point_MAC, 
logic__1006: mm_multiplier__GCB1, 
delay__parameterized67: floating_point_MAC, 
xbip_pipe_v3_0_5_viv__parameterized67: floating_point_MAC, 
case__188: mm_multiplier__GCB0, 
logic__2089: mm_multiplier__GCB1, 
mux4__parameterized2: floating_point_MAC, 
logic__512: floating_point_MAC, 
logic__176: floating_point_MAC, 
logic__368: floating_point_MAC, 
logic__898: mm_multiplier__GCB1, 
case__31: floating_point_MAC, 
muxpart__12: mm_multiplier__GCB1, 
xbip_pipe_v3_0_5_viv__parameterized13: floating_point_MAC, 
reg__175: my_pe__xdcDup__55__GC0, 
reg__141: my_pe__xdcDup__21__GC0, 
logic__31: floating_point_MAC, 
case__322: mm_multiplier__GCB1, 
logic__1135: mm_multiplier__GCB1, 
keep__2199: floating_point_MAC, 
case__168: mm_multiplier__GCB0, 
logic__168: floating_point_MAC, 
logic__682: mm_multiplier__GCB1, 
flt_fma_align_add: floating_point_MAC, 
reg__152: my_pe__xdcDup__32__GC0, 
carry_chain: floating_point_MAC, 
my_pe__xdcDup__36__GC0: my_pe__xdcDup__36__GC0, 
reg__231: mm_multiplier__GCB0, 
delay__parameterized58: floating_point_MAC, 
logic__1189: mm_multiplier__GCB1, 
case__277: mm_multiplier__GCB1, 
case__249: mm_multiplier__GCB0, 
reg__177: my_pe__xdcDup__57__GC0, 
reg__32: floating_point_MAC, 
logic__380: floating_point_MAC, 
logic__1423: mm_multiplier__GCB1, 
reg__100: floating_point_MAC, 
reg__273: mm_multiplier__GCB1, 
my_pe__xdcDup__54__GC0: my_pe__xdcDup__54__GC0, 
delay__parameterized5: floating_point_MAC, 
xbip_pipe_v3_0_5_viv__parameterized71: floating_point_MAC, 
delay_line__parameterized0: floating_point_MAC, 
logic__613: mm_multiplier__GCB1, 
xbip_pipe_v3_0_5_viv__parameterized119: floating_point_MAC, 
case__176: mm_multiplier__GCB0, 
case__243: mm_multiplier__GCB0, 
logic__2083: mm_multiplier__GCB1, 
logic__485: floating_point_MAC, 
reg__140: my_pe__xdcDup__20__GC0, 
case__46: floating_point_MAC, 
logic__113: floating_point_MAC, 
delay__parameterized56: floating_point_MAC, 
xbip_pipe_v3_0_5_viv__parameterized29: floating_point_MAC, 
my_pe__xdcDup__48__GC0: my_pe__xdcDup__48__GC0, 
keep__2205: floating_point_MAC, 
reg: floating_point_MAC, 
flt_to_flt_conv_exp: floating_point_MAC, 
logic__1063: mm_multiplier__GCB1, 
reg__277: mm_multiplier__GCB1, 
case__252: mm_multiplier__GCB0, 
logic__179: floating_point_MAC, 
reg__2: floating_point_MAC, 
logic__480: floating_point_MAC, 
logic__508: floating_point_MAC, 
logic__916: mm_multiplier__GCB1, 
logic__1438: mm_multiplier__GCB1, 
reg__10: floating_point_MAC, 
reg__183: my_pe__xdcDup__63__GC0, 
my_pe__xdcDup__26__GC0: my_pe__xdcDup__26__GC0, 
logic__1132: mm_multiplier__GCB1, 
logic__385: floating_point_MAC, 
reg__155: my_pe__xdcDup__35__GC0, 
reg__115: floating_point_MAC, 
logic__47: floating_point_MAC, 
my_pe__xdcDup__15__GC0: my_pe__xdcDup__15__GC0, 
delay__parameterized34: floating_point_MAC, 
carry_chain__parameterized2: floating_point_MAC, 
logic__520: floating_point_MAC, 
reg__60: floating_point_MAC, 
logic__98: floating_point_MAC, 
reg__307: mm_multiplier__GCB1, 
case__304: mm_multiplier__GCB1, 
logic__1186: mm_multiplier__GCB1, 
keep__2189: floating_point_MAC, 
xbip_pipe_v3_0_5_viv__parameterized61: floating_point_MAC, 
case__317: mm_multiplier__GCB1, 
flt_fma_round_bit: floating_point_MAC, 
keep__2190: floating_point_MAC, 
logic__793: mm_multiplier__GCB1, 
case__289: mm_multiplier__GCB1, 
case__193: mm_multiplier__GCB0, 
reg__290: mm_multiplier__GCB1, 
reg__191: mm_multiplier__GCB0, 
my_pe__xdcDup__8__GC0: my_pe__xdcDup__8__GC0, 
reg__184: my_pe__GC0, 
case__186: mm_multiplier__GCB0, 
reg__251: mm_multiplier__GCB0, 
xbip_pipe_v3_0_5_viv__parameterized55: floating_point_MAC, 
my_pe__xdcDup__13__GC0: my_pe__xdcDup__13__GC0, 
reg__153: my_pe__xdcDup__33__GC0, 
reg__245: mm_multiplier__GCB0, 
my_pe__xdcDup__53__GC0: my_pe__xdcDup__53__GC0, 
reg__144: my_pe__xdcDup__24__GC0, 
xbip_pipe_v3_0_5_viv__parameterized117: floating_point_MAC, 
delay__parameterized27: floating_point_MAC, 
reg__269: mm_multiplier__GCB1, 
case__79: my_pe__xdcDup__9__GC0, 
case__211: mm_multiplier__GCB0, 
logic__1477: mm_multiplier__GCB1, 
case__215: mm_multiplier__GCB0, 
logic__145: floating_point_MAC, 
case__124: my_pe__xdcDup__54__GC0, 
delay__parameterized37: floating_point_MAC, 
case__59: floating_point_MAC, 
case__40: floating_point_MAC, 
logic__570: floating_point_MAC, 
case__145: mm_multiplier__GCB0, 
logic__1618: mm_multiplier__GCB1, 
my_pe__xdcDup__38__GC0: my_pe__xdcDup__38__GC0, 
my_pe__xdcDup__46__GC0: my_pe__xdcDup__46__GC0, 
reg__76: floating_point_MAC, 
case__293: mm_multiplier__GCB1, 
muxpart__3: floating_point_MAC, 
logic__395: floating_point_MAC, 
case__32: floating_point_MAC, 
logic__434: floating_point_MAC, 
reg__78: floating_point_MAC, 
reg__119: floating_point_MAC, 
case__303: mm_multiplier__GCB1, 
muxpart__20: mm_multiplier__GCB0, 
case__137: mm_multiplier__GCB1, 
counter__2: mm_multiplier__GCB0, 
logic__1312: mm_multiplier__GCB1, 
xbip_pipe_v3_0_5_viv__parameterized11: floating_point_MAC, 
delay_line__parameterized3: floating_point_MAC, 
reg__87: floating_point_MAC, 
logic__595: mm_multiplier__GCB1, 
case__20: floating_point_MAC, 
reg__79: floating_point_MAC, 
compare_ge: floating_point_MAC, 
keep__2177: floating_point_MAC, 
logic__664: mm_multiplier__GCB1, 
case__37: floating_point_MAC, 
logic__449: floating_point_MAC, 
delay__parameterized32: floating_point_MAC, 
reg__271: mm_multiplier__GCB1, 
keep__2184: floating_point_MAC, 
xbip_pipe_v3_0_5_viv__parameterized93: floating_point_MAC, 
reg__96: floating_point_MAC, 
logic__372: floating_point_MAC, 
delay__parameterized60: floating_point_MAC, 
logic__471: floating_point_MAC, 
logic__1639: mm_multiplier__GCB1, 
case__121: my_pe__xdcDup__51__GC0, 
delay__parameterized66: floating_point_MAC, 
case__35: floating_point_MAC, 
logic__152: floating_point_MAC, 
logic__474: floating_point_MAC, 
case__134: my_pe__GC0, 
case__77: my_pe__xdcDup__7__GC0, 
case__43: floating_point_MAC, 
logic__427: floating_point_MAC, 
logic__125: floating_point_MAC, 
reg__196: mm_multiplier__GCB0, 
muxpart__23: mm_multiplier__GCB0, 
my_pe__xdcDup__51__GC0: my_pe__xdcDup__51__GC0, 
reg__109: floating_point_MAC, 
logic__1459: mm_multiplier__GCB1, 
logic__1654: mm_multiplier__GCB1, 
logic__387: floating_point_MAC, 
reg__163: my_pe__xdcDup__43__GC0, 
logic__667: mm_multiplier__GCB1, 
keep__2183: floating_point_MAC, 
keep__2178: floating_point_MAC, 
carry_chain__parameterized7: floating_point_MAC, 
reg__265: mm_multiplier__GCB1, 
delay__parameterized43: floating_point_MAC, 
reg__165: my_pe__xdcDup__45__GC0, 
case__21: floating_point_MAC, 
reg__57: floating_point_MAC, 
logic__431: floating_point_MAC, 
case__182: mm_multiplier__GCB0, 
case__209: mm_multiplier__GCB0, 
logic__161: floating_point_MAC, 
logic__1420: mm_multiplier__GCB1, 
my_pe__xdcDup__28__GC0: my_pe__xdcDup__28__GC0, 
xbip_pipe_v3_0_5_viv__parameterized69: floating_point_MAC, 
reg__27: floating_point_MAC, 
case__302: mm_multiplier__GCB1, 
logic__610: mm_multiplier__GCB1, 
case__265: mm_multiplier__GCB0, 
logic__143: floating_point_MAC, 
delay__parameterized22: floating_point_MAC, 
logic__389: floating_point_MAC, 
case__61: floating_point_MAC, 
case__154: mm_multiplier__GCB0, 
case__44: floating_point_MAC, 
datapath__4: floating_point_MAC, 
logic__1693: mm_multiplier__GCB1, 
case__296: mm_multiplier__GCB1, 
logic__17: floating_point_MAC, 
datapath__40: floating_point_MAC, 
special_detect__parameterized0: floating_point_MAC, 
logic__571: floating_point_MAC, 
case__181: mm_multiplier__GCB0, 
reg__13: floating_point_MAC, 
logic__103: floating_point_MAC, 
reg__164: my_pe__xdcDup__44__GC0, 
reg__16: floating_point_MAC, 
logic__934: mm_multiplier__GCB1, 
xbip_pipe_v3_0_5_viv__parameterized91: floating_point_MAC, 
delay_line__parameterized4: floating_point_MAC, 
reg__53: floating_point_MAC, 
reg__33: floating_point_MAC, 
reg__238: mm_multiplier__GCB0, 
datapath__33: floating_point_MAC, 
reg__129: my_pe__xdcDup__9__GC0, 
case__138: mm_multiplier__GCB0, 
delay__parameterized26: floating_point_MAC, 
delay__parameterized29: floating_point_MAC, 
logic__2086: mm_multiplier__GCB1, 
delay__parameterized44: floating_point_MAC, 
xbip_pipe_v3_0_5_viv__parameterized19: floating_point_MAC, 
case__190: mm_multiplier__GCB0, 
my_pe__xdcDup__49__GC0: my_pe__xdcDup__49__GC0, 
case__64: floating_point_MAC, 
case__128: my_pe__xdcDup__58__GC0, 
reg__136: my_pe__xdcDup__16__GC0, 
reg__65: floating_point_MAC, 
reg__9: floating_point_MAC, 
logic__375: floating_point_MAC, 
datapath__13: floating_point_MAC, 
mm_multiplier__GCB1: mm_multiplier__GCB1, 
logic__628: mm_multiplier__GCB1, 
carry_chain__parameterized0: floating_point_MAC, 
reg__73: floating_point_MAC, 
datapath__20: floating_point_MAC, 
muxpart__4: floating_point_MAC, 
delay__parameterized21: floating_point_MAC, 
my_pe__xdcDup__1__GC0: my_pe__xdcDup__1__GC0, 
floating_point_v7_1_7_viv: floating_point_MAC, 
reg__54: floating_point_MAC, 
datapath__6: floating_point_MAC, 
case__87: my_pe__xdcDup__17__GC0, 
case__49: floating_point_MAC, 
logic__973: mm_multiplier__GCB1, 
datapath: floating_point_MAC, 
case__73: my_pe__xdcDup__3__GC0, 
logic__1009: mm_multiplier__GCB1, 
xbip_pipe_v3_0_5_viv__parameterized87: floating_point_MAC, 
case__333: mm_multiplier__GCB1, 
logic__521: floating_point_MAC, 
reg__56: floating_point_MAC, 
logic__373: floating_point_MAC, 
reg__206: mm_multiplier__GCB0, 
case__163: mm_multiplier__GCB0, 
reg__19: floating_point_MAC, 
logic__2091: mm_multiplier__GCB0, 
logic__1756: mm_multiplier__GCB0, 
logic__181: floating_point_MAC, 
case__56: floating_point_MAC, 
logic__439: floating_point_MAC, 
logic__1528: mm_multiplier__GCB1, 
logic__1729: mm_multiplier__GCB1, 
reg__3: floating_point_MAC, 
logic__158: floating_point_MAC, 
logic__1279: mm_multiplier__GCB1, 
logic: floating_point_MAC, 
reg__67: floating_point_MAC, 
case__5: floating_point_MAC, 
xbip_pipe_v3_0_5_viv__parameterized27: floating_point_MAC, 
case__257: mm_multiplier__GCB0, 
muxpart__19: mm_multiplier__GCB0, 
case__276: mm_multiplier__GCB0, 
keep__2185: floating_point_MAC, 
logic__631: mm_multiplier__GCB1, 
xbip_pipe_v3_0_5_viv__parameterized121: floating_point_MAC, 
my_pe__xdcDup__19__GC0: my_pe__xdcDup__19__GC0, 
reg__50: floating_point_MAC, 
delay__parameterized28: floating_point_MAC, 
reg__222: mm_multiplier__GCB0, 
reg__98: floating_point_MAC, 
reg__89: floating_point_MAC, 
case__236: mm_multiplier__GCB0, 
case__268: mm_multiplier__GCB0, 
delay__parameterized57: floating_point_MAC, 
reg__285: mm_multiplier__GCB1, 
reg__20: floating_point_MAC, 
logic__685: mm_multiplier__GCB1, 
logic__175: floating_point_MAC, 
logic__352: floating_point_MAC, 
reg__187: mm_multiplier__GCB0, 
datapath__35: floating_point_MAC, 
datapath__14: floating_point_MAC, 
case__208: mm_multiplier__GCB0, 
logic__396: floating_point_MAC, 
reg__186: mm_multiplier__GCB1, 
logic__513: floating_point_MAC, 
case__132: my_pe__xdcDup__62__GC0, 
case__127: my_pe__xdcDup__57__GC0, 
reg__236: mm_multiplier__GCB0, 
logic__44: floating_point_MAC, 
case__39: floating_point_MAC, 
delay__parameterized4: floating_point_MAC, 
case__94: my_pe__xdcDup__24__GC0, 
case__279: mm_multiplier__GCB1, 
case__8: floating_point_MAC, 
case__286: mm_multiplier__GCB1, 
datapath__38: floating_point_MAC, 
reg__43: floating_point_MAC, 
reg__72: floating_point_MAC, 
xbip_pipe_v3_0_5_viv__parameterized73: floating_point_MAC, 
reg__128: my_pe__xdcDup__8__GC0, 
reg__298: mm_multiplier__GCB1, 
xbip_pipe_v3_0_5_viv__parameterized113: floating_point_MAC, 
my_pe__xdcDup__9__GC0: my_pe__xdcDup__9__GC0, 
carry_chain__parameterized10: floating_point_MAC, 
case__170: mm_multiplier__GCB0, 
reg__190: mm_multiplier__GCB0, 
datapath__16: floating_point_MAC, 
reg__122: my_pe__xdcDup__2__GC0, 
logic__1405: mm_multiplier__GCB1, 
keep__2188: floating_point_MAC, 
case__91: my_pe__xdcDup__21__GC0, 
logic__105: floating_point_MAC, 
reg__253: mm_multiplier__GCB0, 
xbip_pipe_v3_0_5_viv__parameterized3: floating_point_MAC, 
logic__30: floating_point_MAC, 
reg__193: mm_multiplier__GCB0, 
datapath__43: mm_multiplier__GCB0, 
reg__30: floating_point_MAC, 
logic__538: floating_point_MAC, 
my_pe__xdcDup__30__GC0: my_pe__xdcDup__30__GC0, 
logic__970: mm_multiplier__GCB1, 
logic__386: floating_point_MAC, 
case__310: mm_multiplier__GCB1, 
case__234: mm_multiplier__GCB0, 
case__298: mm_multiplier__GCB1, 
reg__312: mm_multiplier__GCB1, 
logic__584: floating_point_MAC, 
logic__174: floating_point_MAC, 
case__25: floating_point_MAC, 
delay__parameterized65: floating_point_MAC, 
reg__314: mm_multiplier__GCB1, 
reg__154: my_pe__xdcDup__34__GC0, 
case__329: mm_multiplier__GCB1, 
datapath__26: floating_point_MAC, 
case__123: my_pe__xdcDup__53__GC0, 
case__80: my_pe__xdcDup__10__GC0, 
case__103: my_pe__xdcDup__33__GC0, 
case__9: floating_point_MAC, 
signinv: floating_point_MAC, 
xbip_pipe_v3_0_5_viv__parameterized75: floating_point_MAC, 
logic__1366: mm_multiplier__GCB1, 
case__319: mm_multiplier__GCB1, 
logic__2093: mm_multiplier__GCB0, 
delay__parameterized19: floating_point_MAC, 
my_pe__xdcDup__5__GC0: my_pe__xdcDup__5__GC0, 
reg__264: mm_multiplier__GCB1, 
case__330: mm_multiplier__GCB1, 
keep__2202: floating_point_MAC, 
my_pe__xdcDup__40__GC0: my_pe__xdcDup__40__GC0, 
delay__parameterized68: floating_point_MAC, 
logic__790: mm_multiplier__GCB1, 
reg__278: mm_multiplier__GCB1, 
my_pe__xdcDup__62__GC0: my_pe__xdcDup__62__GC0, 
logic__457: floating_point_MAC, 
reg__217: mm_multiplier__GCB0, 
case__300: mm_multiplier__GCB1, 
reg__34: floating_point_MAC, 
logic__189: floating_point_MAC, 
reg__218: mm_multiplier__GCB0, 
reg__130: my_pe__xdcDup__10__GC0, 
case__2: floating_point_MAC, 
logic__901: mm_multiplier__GCB1, 
muxpart__18: mm_multiplier__GCB0, 
logic__1369: mm_multiplier__GCB1, 
case__210: mm_multiplier__GCB0, 
xbip_pipe_v3_0_5_viv__parameterized95: floating_point_MAC, 
logic__1387: mm_multiplier__GCB1, 
logic__191: floating_point_MAC, 
compare_eq_im__parameterized1: floating_point_MAC, 
case__288: mm_multiplier__GCB1, 
logic__132: floating_point_MAC, 
logic__2097: mm_multiplier__GCB0, 
logic__955: mm_multiplier__GCB1, 
my_pe__xdcDup__42__GC0: my_pe__xdcDup__42__GC0, 
reg__64: floating_point_MAC, 
logic__1081: mm_multiplier__GCB1, 
counter: mm_multiplier__GCB1, 
case__290: mm_multiplier__GCB1, 
reg__160: my_pe__xdcDup__40__GC0, 
xbip_pipe_v3_0_5_viv__parameterized63: floating_point_MAC, 
case__60: floating_point_MAC, 
datapath__39: floating_point_MAC, 
case__173: mm_multiplier__GCB0, 
case__299: mm_multiplier__GCB1, 
case__237: mm_multiplier__GCB0, 
carry_chain__parameterized11: floating_point_MAC, 
case__106: my_pe__xdcDup__36__GC0, 
logic__2095: mm_multiplier__GCB0, 
reg__82: floating_point_MAC, 
case__255: mm_multiplier__GCB0, 
reg__83: floating_point_MAC, 
case__284: mm_multiplier__GCB1, 
reg__90: floating_point_MAC, 
delay__parameterized41: floating_point_MAC, 
case__334: mm_multiplier__GCB1, 
logic__150: floating_point_MAC, 
case__162: mm_multiplier__GCB0, 
case__247: mm_multiplier__GCB0, 
carry_chain__parameterized3: floating_point_MAC, 
logic__590: mm_multiplier__GCB0, 
flt_fma_add: floating_point_MAC, 
logic__775: mm_multiplier__GCB1, 
logic__1495: mm_multiplier__GCB1, 
logic__1750: mm_multiplier__GCB0, 
reg__15: floating_point_MAC, 
case__1: floating_point_MAC, 
logic__1027: mm_multiplier__GCB1, 
logic__120: floating_point_MAC, 
case__85: my_pe__xdcDup__15__GC0, 
logic__379: floating_point_MAC, 
case__269: mm_multiplier__GCB0, 
case__275: mm_multiplier__GCB1, 
logic__249: floating_point_MAC, 
case__82: my_pe__xdcDup__12__GC0, 
reg__23: floating_point_MAC, 
case: floating_point_MAC, 
carry_chain__parameterized12: floating_point_MAC, 
logic__580: floating_point_MAC, 
reg__161: my_pe__xdcDup__41__GC0, 
reg__178: my_pe__xdcDup__58__GC0, 
case__34: floating_point_MAC, 
case__71: my_pe__xdcDup__1__GC0, 
logic__15: floating_point_MAC, 
case__219: mm_multiplier__GCB0, 
logic__453: floating_point_MAC, 
case__86: my_pe__xdcDup__16__GC0, 
delay__parameterized63: floating_point_MAC, 
lead_zero_encode: floating_point_MAC, 
case__191: mm_multiplier__GCB0, 
keep__2193: floating_point_MAC, 
logic__556: floating_point_MAC, 
logic__180: floating_point_MAC, 
logic__102: floating_point_MAC, 
logic__1243: mm_multiplier__GCB1, 
case__253: mm_multiplier__GCB0, 
reg__300: mm_multiplier__GCB1, 
case__88: my_pe__xdcDup__18__GC0, 
datapath__27: floating_point_MAC, 
delay__parameterized7: floating_point_MAC, 
xbip_pipe_v3_0_5_viv__parameterized47: floating_point_MAC, 
logic__106: floating_point_MAC, 
case__33: floating_point_MAC, 
reg__49: floating_point_MAC, 
case__218: mm_multiplier__GCB0, 
reg__125: my_pe__xdcDup__5__GC0, 
keep__2180: floating_point_MAC, 
case__318: mm_multiplier__GCB1, 
reg__158: my_pe__xdcDup__38__GC0, 
datapath__10: floating_point_MAC, 
xbip_pipe_v3_0_5_viv__parameterized51: floating_point_MAC, 
my_pe__xdcDup__16__GC0: my_pe__xdcDup__16__GC0, 
delay__parameterized42: floating_point_MAC, 
case__321: mm_multiplier__GCB1, 
case__194: mm_multiplier__GCB0, 
case__180: mm_multiplier__GCB0, 
logic__477: floating_point_MAC, 
logic__376: floating_point_MAC, 
case__157: mm_multiplier__GCB0, 
case__22: floating_point_MAC, 
keep__2195: floating_point_MAC, 
logic__919: mm_multiplier__GCB1, 
flt_fma_specialcase: floating_point_MAC, 
datapath__28: floating_point_MAC, 
case__152: mm_multiplier__GCB0, 
datapath__1: floating_point_MAC, 
reg__168: my_pe__xdcDup__48__GC0, 
case__122: my_pe__xdcDup__52__GC0, 
logic__532: floating_point_MAC, 
reg__116: floating_point_MAC, 
reg__25: floating_point_MAC, 
case__140: mm_multiplier__GCB0, 
delay__parameterized45: floating_point_MAC, 
logic__101: floating_point_MAC, 
logic__1114: mm_multiplier__GCB1, 
logic__2087: mm_multiplier__GCB1, 
xbip_pipe_v3_0_5_viv__parameterized97: floating_point_MAC, 
delay__parameterized69: floating_point_MAC, 
case__130: my_pe__xdcDup__60__GC0, 
my_pe__xdcDup__39__GC0: my_pe__xdcDup__39__GC0, 
logic__2084: mm_multiplier__GCB1, 
reg__241: mm_multiplier__GCB0, 
logic__2085: mm_multiplier__GCB1, 
reg__92: floating_point_MAC, 
reg__132: my_pe__xdcDup__12__GC0, 
xbip_pipe_v3_0_5_viv__parameterized83: floating_point_MAC, 
logic__381: floating_point_MAC, 
case__7: floating_point_MAC, 
delay_line__parameterized1: floating_point_MAC, 
reg__101: floating_point_MAC, 
zero_det_sel: floating_point_MAC, 
delay__parameterized10: floating_point_MAC, 
reg__237: mm_multiplier__GCB0, 
my_pe__xdcDup__4__GC0: my_pe__xdcDup__4__GC0, 
reg__105: floating_point_MAC, 
reg__146: my_pe__xdcDup__26__GC0, 
case__143: mm_multiplier__GCB0, 
mm_multiplier__GCB0: mm_multiplier__GCB0, 
case__233: mm_multiplier__GCB0, 
logic__173: floating_point_MAC, 
logic__1600: mm_multiplier__GCB1, 
case__306: mm_multiplier__GCB1, 
case__179: mm_multiplier__GCB0, 
case__297: mm_multiplier__GCB1, 
logic__1042: mm_multiplier__GCB1, 
reg__198: mm_multiplier__GCB0, 
logic__397: floating_point_MAC, 
case__74: my_pe__xdcDup__4__GC0, 
reg__213: mm_multiplier__GCB0, 
reg__262: mm_multiplier__GCB1, 
reg__310: mm_multiplier__GCB1, 
delay__parameterized2: floating_point_MAC, 
xbip_pipe_v3_0_5_viv__parameterized81: floating_point_MAC, 
logic__1261: mm_multiplier__GCB1, 
logic__127: floating_point_MAC, 
logic__952: mm_multiplier__GCB1, 
reg__63: floating_point_MAC, 
logic__144: floating_point_MAC, 
reg__239: mm_multiplier__GCB0, 
logic__149: floating_point_MAC, 
case__15: floating_point_MAC, 
reg__126: my_pe__xdcDup__6__GC0, 
delay__parameterized31: floating_point_MAC, 
reg__121: my_pe__xdcDup__1__GC0, 
logic__369: floating_point_MAC, 
xbip_pipe_v3_0_5_viv__parameterized53: floating_point_MAC, 
case__192: mm_multiplier__GCB0, 
logic__560: floating_point_MAC, 
my_pe__xdcDup__22__GC0: my_pe__xdcDup__22__GC0, 
logic__1621: mm_multiplier__GCB1, 
reg__293: mm_multiplier__GCB1, 
reg__139: my_pe__xdcDup__19__GC0, 
case__83: my_pe__xdcDup__13__GC0, 
reg__156: my_pe__xdcDup__36__GC0, 
keep__2192: floating_point_MAC, 
case__125: my_pe__xdcDup__55__GC0, 
carry_chain__parameterized1: floating_point_MAC, 
reg__257: mm_multiplier__GCB1, 
case__230: mm_multiplier__GCB0, 
case__271: mm_multiplier__GCB0, 
datapath__34: floating_point_MAC, 
case__178: mm_multiplier__GCB0, 
delay__parameterized35: floating_point_MAC, 
xbip_pipe_v3_0_5_viv__parameterized9: floating_point_MAC, 
case__126: my_pe__xdcDup__56__GC0, 
delay__parameterized55: floating_point_MAC, 
logic__24: floating_point_MAC, 
xbip_pipe_v3_0_5_viv__parameterized21: floating_point_MAC, 
case__50: floating_point_MAC, 
logic__155: floating_point_MAC, 
xbip_pipe_v3_0_5_viv__parameterized101: floating_point_MAC, 
case__147: mm_multiplier__GCB0, 
reg__41: floating_point_MAC, 
case__320: mm_multiplier__GCB1, 
case__287: mm_multiplier__GCB1, 
my_pe__xdcDup__11__GC0: my_pe__xdcDup__11__GC0, 
reg__52: floating_point_MAC, 
logic__481: floating_point_MAC, 
keep__2194: floating_point_MAC, 
logic__592: mm_multiplier__GCB1, 
xbip_pipe_v3_0_5_viv__parameterized89: floating_point_MAC, 
reg__162: my_pe__xdcDup__42__GC0, 
case__93: my_pe__xdcDup__23__GC0, 
reg__244: mm_multiplier__GCB0, 
logic__1474: mm_multiplier__GCB1, 
case__129: my_pe__xdcDup__59__GC0, 
logic__1204: mm_multiplier__GCB1, 
case__258: mm_multiplier__GCB0, 
case__131: my_pe__xdcDup__61__GC0, 
case__226: mm_multiplier__GCB0, 
logic__736: mm_multiplier__GCB1, 
datapath__22: floating_point_MAC, 
case__212: mm_multiplier__GCB0, 
logic__110: floating_point_MAC, 
logic__757: mm_multiplier__GCB1, 
case__54: floating_point_MAC, 
logic__358: floating_point_MAC, 
muxpart__2: floating_point_MAC, 
reg__235: mm_multiplier__GCB0, 
xbip_pipe_v3_0_5_viv__parameterized7: floating_point_MAC, 
case__146: mm_multiplier__GCB0, 
logic__1060: mm_multiplier__GCB1, 
reg__7: floating_point_MAC, 
logic__370: floating_point_MAC, 
reg__287: mm_multiplier__GCB1, 
reg__28: floating_point_MAC, 
case__324: mm_multiplier__GCB1, 
logic__526: floating_point_MAC, 
logic__1348: mm_multiplier__GCB1, 
case__251: mm_multiplier__GCB0, 
logic__1672: mm_multiplier__GCB1, 
reg__268: mm_multiplier__GCB1, 
reg__202: mm_multiplier__GCB0, 
case__308: mm_multiplier__GCB1, 
datapath__21: floating_point_MAC, 
reg__319: mm_multiplier__GCB1, 
reg__84: floating_point_MAC, 
case__332: mm_multiplier__GCB1, 
logic__596: mm_multiplier__GCB1, 
logic__646: mm_multiplier__GCB1, 
case__16: floating_point_MAC, 
xbip_pipe_v3_0_5_viv__parameterized125: floating_point_MAC, 
case__216: mm_multiplier__GCB0, 
delay__parameterized23: floating_point_MAC, 
datapath__29: floating_point_MAC, 
reg__288: mm_multiplier__GCB1, 
delay__parameterized33: floating_point_MAC, 
muxpart__16: mm_multiplier__GCB1, 
logic__1168: mm_multiplier__GCB1, 
reg__117: floating_point_MAC, 
xbip_pipe_v3_0_5_viv__parameterized103: floating_point_MAC, 
reg__11: floating_point_MAC, 
case__248: mm_multiplier__GCB0, 
my_pe__xdcDup__45__GC0: my_pe__xdcDup__45__GC0, 
keep__2187: floating_point_MAC, 
logic__190: floating_point_MAC, 
compare_ne_im: floating_point_MAC, 
delay__parameterized0: floating_point_MAC, 
reg__179: my_pe__xdcDup__59__GC0, 
logic__1456: mm_multiplier__GCB1, 
case__229: mm_multiplier__GCB0, 
my_pe__xdcDup__14__GC0: my_pe__xdcDup__14__GC0, 
case__76: my_pe__xdcDup__6__GC0, 
logic__388: floating_point_MAC, 
reg__299: mm_multiplier__GCB1, 
reg__260: mm_multiplier__GCB1, 
reg__266: mm_multiplier__GCB1, 
case__272: mm_multiplier__GCB1, 
reg__302: mm_multiplier__GCB1, 
carry_chain__parameterized4: floating_point_MAC, 
reg__68: floating_point_MAC, 
reg__189: mm_multiplier__GCB0, 
logic__1492: mm_multiplier__GCB1, 
reg__107: floating_point_MAC, 
reg__256: mm_multiplier__GCB1, 
my_pe__xdcDup__35__GC0: my_pe__xdcDup__35__GC0, 
case__235: mm_multiplier__GCB0, 
my_pe__xdcDup__47__GC0: my_pe__xdcDup__47__GC0, 
case__29: floating_point_MAC, 
xbip_pipe_v3_0_5_viv__parameterized31: floating_point_MAC, 
keep__2204: floating_point_MAC, 
xbip_pipe_v3_0_5_viv__parameterized107: floating_point_MAC, 
reg__1: floating_point_MAC, 
logic__1117: mm_multiplier__GCB1, 
reg__151: my_pe__xdcDup__31__GC0, 
datapath__41: mm_multiplier__GCB1, 
datapath__17: floating_point_MAC, 
mult_gen_v12_0_14_viv: floating_point_MAC, 
reg__208: mm_multiplier__GCB0, 
logic__398: floating_point_MAC, 
xbip_pipe_v3_0_5_viv__parameterized37: floating_point_MAC, 
logic__1549: mm_multiplier__GCB1, 
logic__164: floating_point_MAC, 
reg__8: floating_point_MAC, 
case__263: mm_multiplier__GCB0, 
xbip_pipe_v3_0_5_viv__parameterized123: floating_point_MAC, 
case__285: mm_multiplier__GCB1, 
delay__parameterized16: floating_point_MAC, 
case__113: my_pe__xdcDup__43__GC0, 
dsp: floating_point_MAC, 
reg__95: floating_point_MAC, 
logic__1690: mm_multiplier__GCB1, 
logic__430: floating_point_MAC, 
logic__200: floating_point_MAC, 
case__72: my_pe__xdcDup__2__GC0, 
case__117: my_pe__xdcDup__47__GC0, 
reg__150: my_pe__xdcDup__30__GC0, 
reg__46: floating_point_MAC, 
case__328: mm_multiplier__GCB1, 
flt_fma: floating_point_MAC, 
reg__4: floating_point_MAC, 
case__51: floating_point_MAC, 
reg__70: floating_point_MAC, 
case__120: my_pe__xdcDup__50__GC0, 
logic__509: floating_point_MAC, 
xbip_pipe_v3_0_5_viv__parameterized15: floating_point_MAC, 
keep__2197: floating_point_MAC, 
logic__131: floating_point_MAC, 
delay__parameterized9: floating_point_MAC, 
delay__parameterized24: floating_point_MAC, 
logic__108: floating_point_MAC, 
logic__488: floating_point_MAC, 
keep__2181: floating_point_MAC, 
delay__parameterized36: floating_point_MAC, 
logic__1078: mm_multiplier__GCB1, 
my_pe__xdcDup__21__GC0: my_pe__xdcDup__21__GC0, 
keep__2200: floating_point_MAC, 
case__259: mm_multiplier__GCB0, 
reg__225: mm_multiplier__GCB0, 
datapath__45: mm_multiplier__GCB1, 
reg__113: floating_point_MAC, 
logic__224: floating_point_MAC, 
datapath__23: floating_point_MAC, 
case__260: mm_multiplier__GCB0, 
case__336: mm_multiplier__GCB1, 
logic__25: floating_point_MAC, 
case__273: mm_multiplier__GCB0, 
case__26: floating_point_MAC, 
carry_chain__parameterized13: floating_point_MAC, 
logic__492: floating_point_MAC, 
case__203: mm_multiplier__GCB0, 
reg__47: floating_point_MAC, 
flt_fma_renorm_and_round_logic: floating_point_MAC, 
reg__39: floating_point_MAC, 
reg__134: my_pe__xdcDup__14__GC0, 
reg__26: floating_point_MAC, 
reg__75: floating_point_MAC, 
reg__69: floating_point_MAC, 
case__58: floating_point_MAC, 
delay__parameterized38: floating_point_MAC, 
logic__1207: mm_multiplier__GCB1, 
reg__102: floating_point_MAC, 
my_pe__xdcDup__17__GC0: my_pe__xdcDup__17__GC0, 
reg__226: mm_multiplier__GCB0, 
muxpart__1: floating_point_MAC, 
my_pe__xdcDup__23__GC0: my_pe__xdcDup__23__GC0, 
reg__142: my_pe__xdcDup__22__GC0, 
xbip_pipe_v3_0_5_viv__parameterized99: floating_point_MAC, 
logic__883: mm_multiplier__GCB1, 
logic__38: floating_point_MAC, 
reg__309: mm_multiplier__GCB1, 
reg__284: mm_multiplier__GCB1, 
case__196: mm_multiplier__GCB0, 
case__171: mm_multiplier__GCB0, 
xbip_pipe_v3_0_5_viv__parameterized41: floating_point_MAC, 
case__197: mm_multiplier__GCB0, 
keep__2186: floating_point_MAC, 
datapath__31: floating_point_MAC, 
case__112: my_pe__xdcDup__42__GC0, 
reg__159: my_pe__xdcDup__39__GC0, 
reg__303: mm_multiplier__GCB1, 
my_pe__xdcDup__3__GC0: my_pe__xdcDup__3__GC0, 
reg__224: mm_multiplier__GCB0, 
my_pe__xdcDup__6__GC0: my_pe__xdcDup__6__GC0, 
reg__250: mm_multiplier__GCB0, 
datapath__7: floating_point_MAC, 
reg__131: my_pe__xdcDup__11__GC0, 
reg__230: mm_multiplier__GCB0, 
addsub_logic: floating_point_MAC, 
reg__29: floating_point_MAC, 
reg__291: mm_multiplier__GCB1, 
reg__223: mm_multiplier__GCB0, 
case__38: floating_point_MAC, 
logic__772: mm_multiplier__GCB1, 
compare_eq_im: floating_point_MAC, 
reg__137: my_pe__xdcDup__17__GC0, 
logic__351: floating_point_MAC, 
case__202: mm_multiplier__GCB0, 
logic__1708: mm_multiplier__GCB1, 
logic__1711: mm_multiplier__GCB1, 
case__274: mm_multiplier__GCB0, 
logic__1752: mm_multiplier__GCB0, 
keep: floating_point_MAC, 
case__292: mm_multiplier__GCB1, 
muxpart__5: mm_multiplier__GCB0, 
logic__528: floating_point_MAC, 
logic__382: floating_point_MAC, 
reg__55: floating_point_MAC, 
reg__248: mm_multiplier__GCB0, 
case__241: mm_multiplier__GCB0, 
my_pe__xdcDup__25__GC0: my_pe__xdcDup__25__GC0, 
logic__589: floating_point_MAC, 
logic__499: floating_point_MAC, 
muxpart__7: mm_multiplier__GCB0, 
my_pe__xdcDup__56__GC0: my_pe__xdcDup__56__GC0, 
my_pe__xdcDup__32__GC0: my_pe__xdcDup__32__GC0, 
logic__549: floating_point_MAC, 
reg__240: mm_multiplier__GCB0, 
reg__233: mm_multiplier__GCB0, 
case__108: my_pe__xdcDup__38__GC0, 
case__92: my_pe__xdcDup__22__GC0, 
xbip_pipe_v3_0_5_viv__parameterized35: floating_point_MAC, 
case__62: floating_point_MAC, 
reg__259: mm_multiplier__GCB1, 
reg__221: mm_multiplier__GCB0, 
logic__99: floating_point_MAC, 
reg__77: floating_point_MAC, 
case__3: floating_point_MAC, 
logic__94: floating_point_MAC, 
muxpart__6: mm_multiplier__GCB0, 
logic__377: floating_point_MAC, 
reg__182: my_pe__xdcDup__62__GC0, 
logic__718: mm_multiplier__GCB1, 
reg__280: mm_multiplier__GCB1, 
logic__1351: mm_multiplier__GCB1, 
keep__2196: floating_point_MAC, 
datapath__19: floating_point_MAC, 
case__205: mm_multiplier__GCB0, 
logic__1297: mm_multiplier__GCB1, 
reg__192: mm_multiplier__GCB0, 
case__214: mm_multiplier__GCB0, 
reg__243: mm_multiplier__GCB0, 
case__67: floating_point_MAC, 
logic__1567: mm_multiplier__GCB1, 
case__13: floating_point_MAC, 
delay__parameterized8: floating_point_MAC, 
logic__808: mm_multiplier__GCB1, 
logic__192: floating_point_MAC, 
logic__937: mm_multiplier__GCB1, 
case__224: mm_multiplier__GCB0, 
my_pe__xdcDup__12__GC0: my_pe__xdcDup__12__GC0, 
datapath__42: mm_multiplier__GCB1, 
reg__216: mm_multiplier__GCB0, 
case__245: mm_multiplier__GCB0, 
logic__519: floating_point_MAC, 
reg__263: mm_multiplier__GCB1, 
reg__204: mm_multiplier__GCB0, 
delay__parameterized30: floating_point_MAC, 
logic__134: floating_point_MAC, 
logic__193: floating_point_MAC, 
case__207: mm_multiplier__GCB0, 
logic__19: floating_point_MAC, 
reg__194: mm_multiplier__GCB0, 
case__107: my_pe__xdcDup__37__GC0, 
logic__1171: mm_multiplier__GCB1, 
carry_chain__parameterized5: floating_point_MAC, 
my_pe__xdcDup__34__GC0: my_pe__xdcDup__34__GC0, 
logic__290: floating_point_MAC, 
flt_fma_alignment: floating_point_MAC, 
reg__145: my_pe__xdcDup__25__GC0, 
reg__199: mm_multiplier__GCB0, 
logic__425: floating_point_MAC, 
muxpart__17: mm_multiplier__GCB1, 
reg__135: my_pe__xdcDup__15__GC0, 
logic__331: floating_point_MAC, 
logic__121: floating_point_MAC, 
muxpart__22: mm_multiplier__GCB0, 
logic__1384: mm_multiplier__GCB1, 
case__185: mm_multiplier__GCB0, 
logic__541: floating_point_MAC, 
delay__parameterized6: floating_point_MAC, 
xbip_pipe_v3_0_5_viv__parameterized59: floating_point_MAC, 
logic__187: floating_point_MAC, 
case__48: floating_point_MAC, 
my_pe__xdcDup__52__GC0: my_pe__xdcDup__52__GC0, 
logic__498: floating_point_MAC, 
xbip_pipe_v3_0_5_viv__parameterized109: floating_point_MAC, 
reg__228: mm_multiplier__GCB0, 
logic__1225: mm_multiplier__GCB1, 
reg__51: floating_point_MAC, 
delay__parameterized54: floating_point_MAC, 
logic__390: floating_point_MAC, 
logic__880: mm_multiplier__GCB1, 
reg__205: mm_multiplier__GCB0, 
reg__81: floating_point_MAC, 
case__199: mm_multiplier__GCB0, 
case__189: mm_multiplier__GCB0, 
case__256: mm_multiplier__GCB0, 
reg__103: floating_point_MAC, 
logic__139: floating_point_MAC, 
logic__371: floating_point_MAC, 
case__78: my_pe__xdcDup__8__GC0, 
my_pe__xdcDup__24__GC0: my_pe__xdcDup__24__GC0, 
flt_fma_add_exp: floating_point_MAC, 
logic__119: floating_point_MAC, 
logic__157: floating_point_MAC, 
case__315: mm_multiplier__GCB1, 
reg__93: floating_point_MAC, 
case__109: my_pe__xdcDup__39__GC0, 
reg__254: mm_multiplier__GCB0, 
case__99: my_pe__xdcDup__29__GC0, 
logic__1333: mm_multiplier__GCB1, 
xbip_pipe_v3_0_5_viv__parameterized17: floating_point_MAC, 
delay__parameterized13: floating_point_MAC, 
case__223: mm_multiplier__GCB0, 
reg__22: floating_point_MAC, 
logic__2088: mm_multiplier__GCB1, 
logic__811: mm_multiplier__GCB1, 
logic__146: floating_point_MAC, 
reg__229: mm_multiplier__GCB0, 
reg__42: floating_point_MAC, 
case__313: mm_multiplier__GCB1, 
keep__2201: floating_point_MAC, 
logic__114: floating_point_MAC, 
logic__138: floating_point_MAC, 
case__339: mm_multiplier__GCB1, 
reg__279: mm_multiplier__GCB1, 
delay__parameterized49: floating_point_MAC, 
logic__551: floating_point_MAC, 
xbip_pipe_v3_0_5_viv__parameterized25: floating_point_MAC, 
reg__171: my_pe__xdcDup__51__GC0, 
datapath__25: floating_point_MAC, 
delay__parameterized62: floating_point_MAC, 
muxpart__8: mm_multiplier__GCB0, 
reg__317: mm_multiplier__GCB1, 
logic__116: floating_point_MAC, 
logic__2094: mm_multiplier__GCB0, 
datapath__36: floating_point_MAC, 
floating_point_v7_1_7: floating_point_MAC, 
case__238: mm_multiplier__GCB0, 
case__160: mm_multiplier__GCB0, 
case__167: mm_multiplier__GCB0, 
reg__24: floating_point_MAC, 
case__239: mm_multiplier__GCB0, 
case__270: mm_multiplier__GCB0, 
case__70: floating_point_MAC, 
my_pe__xdcDup__44__GC0: my_pe__xdcDup__44__GC0, 
reg__289: mm_multiplier__GCB1, 
case__36: floating_point_MAC, 
logic__530: floating_point_MAC, 
reg__149: my_pe__xdcDup__29__GC0, 
logic__163: floating_point_MAC, 
counter__1: mm_multiplier__GCB0, 
my_pe__xdcDup__27__GC0: my_pe__xdcDup__27__GC0, 
logic__1153: mm_multiplier__GCB1, 
flt_fma_norm_logic: floating_point_MAC, 
datapath__2: floating_point_MAC, 
logic__1585: mm_multiplier__GCB1, 
reg__318: mm_multiplier__GCB1, 
carry_chain__parameterized9: floating_point_MAC, 
my_pe__GC0: my_pe__GC0, 
case__156: mm_multiplier__GCB0, 
logic__1099: mm_multiplier__GCB1, 
xbip_pipe_v3_0_5_viv__parameterized65: floating_point_MAC, 
case__136: mm_multiplier__GCB1, 
logic__1636: mm_multiplier__GCB1, 
case__104: my_pe__xdcDup__34__GC0, 
logic__374: floating_point_MAC, 
my_pe__xdcDup__60__GC0: my_pe__xdcDup__60__GC0, 
case__18: floating_point_MAC, 
reg__14: floating_point_MAC, 
logic__378: floating_point_MAC, 
reg__261: mm_multiplier__GCB1, 
xbip_pipe_v3_0_5_viv__parameterized45: floating_point_MAC, 
delay__parameterized14: floating_point_MAC, 
my_pe__xdcDup__2__GC0: my_pe__xdcDup__2__GC0, 
xbip_pipe_v3_0_5_viv__parameterized105: floating_point_MAC, 
case__305: mm_multiplier__GCB1, 
case__102: my_pe__xdcDup__32__GC0, 
my_pe__xdcDup__55__GC0: my_pe__xdcDup__55__GC0, 
case__111: my_pe__xdcDup__41__GC0, 
case__144: mm_multiplier__GCB0, 
case__115: my_pe__xdcDup__45__GC0, 
delay_line: floating_point_MAC, 
muxpart__21: mm_multiplier__GCB0, 
reg__123: my_pe__xdcDup__3__GC0, 
datapath__12: floating_point_MAC, 
logic__156: floating_point_MAC, 
logic__1513: mm_multiplier__GCB1, 
my_pe__xdcDup__37__GC0: my_pe__xdcDup__37__GC0, 
logic__2092: mm_multiplier__GCB0, 
case__261: mm_multiplier__GCB0, 
reg__124: my_pe__xdcDup__4__GC0, 
reg__316: mm_multiplier__GCB1, 
reg__85: floating_point_MAC, 
case__338: mm_multiplier__GCB1, 
logic__128: floating_point_MAC, 
keep__2179: floating_point_MAC, 
case__314: mm_multiplier__GCB1, 
case__53: floating_point_MAC, 
case__105: my_pe__xdcDup__35__GC0, 
logic__167: floating_point_MAC, 
case__142: mm_multiplier__GCB0, 
logic__826: mm_multiplier__GCB1, 
logic__392: floating_point_MAC, 
datapath__9: floating_point_MAC, 
reg__297: mm_multiplier__GCB1, 
xbip_pipe_v3_0_5_viv__parameterized39: floating_point_MAC, 
muxpart__14: mm_multiplier__GCB1, 
logic__1024: mm_multiplier__GCB1, 
xbip_pipe_v3_0_5_viv__parameterized111: floating_point_MAC, 
reg__301: mm_multiplier__GCB1, 
logic__1510: mm_multiplier__GCB1, 
reg__169: my_pe__xdcDup__49__GC0, 
logic__1726: mm_multiplier__GCB1, 
logic__184: floating_point_MAC, 
reg__219: mm_multiplier__GCB0, 
reg__220: mm_multiplier__GCB0, 
datapath__37: floating_point_MAC, 
case__187: mm_multiplier__GCB0, 
case__232: mm_multiplier__GCB0, 
logic__1150: mm_multiplier__GCB1, 
reg__315: mm_multiplier__GCB1, 
logic__18: floating_point_MAC, 
reg__99: floating_point_MAC, 
keep__2182: floating_point_MAC, 
case__175: mm_multiplier__GCB0, 
reg__174: my_pe__xdcDup__54__GC0, 
muxpart__10: mm_multiplier__GCB1, 
case__4: floating_point_MAC, 
delay__parameterized52: floating_point_MAC, 
logic__489: floating_point_MAC, 
case__28: floating_point_MAC, 
xbip_pipe_v3_0_5_viv: floating_point_MAC, 
logic__353: floating_point_MAC, 
case__166: mm_multiplier__GCB0, 
reg__207: mm_multiplier__GCB0, 
logic__227: floating_point_MAC, 
my_pe__xdcDup__7__GC0: my_pe__xdcDup__7__GC0, 
case__114: my_pe__xdcDup__44__GC0, 
reg__36: floating_point_MAC, 
logic__2096: mm_multiplier__GCB0, 
logic__865: mm_multiplier__GCB1, 
logic__1402: mm_multiplier__GCB1, 
reg__147: my_pe__xdcDup__27__GC0, 
datapath__44: mm_multiplier__GCB0, 
case__19: floating_point_MAC, 
xbip_pipe_v3_0_5_viv__parameterized49: floating_point_MAC, 
reg__197: mm_multiplier__GCB0, 
delay__parameterized11: floating_point_MAC, 
reg__97: floating_point_MAC, 
case__244: mm_multiplier__GCB0, 
reg__108: floating_point_MAC, 
reg__59: floating_point_MAC, 
logic__133: floating_point_MAC, 
compare_gt: floating_point_MAC, 
datapath__8: floating_point_MAC, 
reg__294: mm_multiplier__GCB1, 
reg__148: my_pe__xdcDup__28__GC0, 
case__177: mm_multiplier__GCB0, 
datapath__3: floating_point_MAC, 
reg__234: mm_multiplier__GCB0, 
delay__parameterized46: floating_point_MAC, 
case__164: mm_multiplier__GCB0, 
case__148: mm_multiplier__GCB0, 
reg__274: mm_multiplier__GCB1, 
logic__104: floating_point_MAC, 
mux4__parameterized0: floating_point_MAC, 
reg__258: mm_multiplier__GCB1, 
case__119: my_pe__xdcDup__49__GC0, 
reg__242: mm_multiplier__GCB0, 
reg__215: mm_multiplier__GCB0, 
logic__230: floating_point_MAC, 
case__228: mm_multiplier__GCB0, 
logic__53: floating_point_MAC, 
reg__166: my_pe__xdcDup__46__GC0, 
keep__2198: floating_point_MAC, 
reg__246: mm_multiplier__GCB0, 
case__133: my_pe__xdcDup__63__GC0, 
reg__252: mm_multiplier__GCB0, 
muxpart__15: mm_multiplier__GCB1, 
muxpart: floating_point_MAC, 
case__96: my_pe__xdcDup__26__GC0, 
reg__232: mm_multiplier__GCB0, 
case__90: my_pe__xdcDup__20__GC0, 
case__198: mm_multiplier__GCB0, 
case__217: mm_multiplier__GCB0, 
delay__parameterized39: floating_point_MAC, 
case__110: my_pe__xdcDup__40__GC0, 
my_pe__xdcDup__59__GC0: my_pe__xdcDup__59__GC0, 
keep__2203: floating_point_MAC, 
case__139: mm_multiplier__GCB0, 
reg__62: floating_point_MAC, 
xbip_pipe_v3_0_5_viv__parameterized77: floating_point_MAC, 
delay__parameterized51: floating_point_MAC, 
reg__167: my_pe__xdcDup__47__GC0, 
datapath__24: floating_point_MAC, 
case__30: floating_point_MAC, 
case__309: mm_multiplier__GCB1, 
case__65: floating_point_MAC, 
reg__88: floating_point_MAC, 
case__155: mm_multiplier__GCB0, 
case__206: mm_multiplier__GCB0, 
case__281: mm_multiplier__GCB1, 
case__220: mm_multiplier__GCB0, 
logic__565: floating_point_MAC, 
case__323: mm_multiplier__GCB1, 
case__172: mm_multiplier__GCB0, 
case__75: my_pe__xdcDup__5__GC0, 
reg__181: my_pe__xdcDup__61__GC0, 
reg__157: my_pe__xdcDup__37__GC0, 
reg__106: floating_point_MAC, 
reg__38: floating_point_MAC, 
keep__2208: floating_point_MAC, 
compare: floating_point_MAC, 
reg__176: my_pe__xdcDup__56__GC0, 
carry_chain__parameterized14: floating_point_MAC, 
reg__185: mm_multiplier__GCB1, 
reg__306: mm_multiplier__GCB1, 
special_detect: floating_point_MAC, 
case__150: mm_multiplier__GCB0, 
case__57: floating_point_MAC, 
case__149: mm_multiplier__GCB0, 
reg__17: floating_point_MAC, 
case__97: my_pe__xdcDup__27__GC0, 
datapath__5: floating_point_MAC, 
xbip_pipe_v3_0_5_viv__parameterized85: floating_point_MAC, 
case__23: floating_point_MAC, 
reg__209: mm_multiplier__GCB0, 
logic__1441: mm_multiplier__GCB1, 
logic__1564: mm_multiplier__GCB1, 
xbip_pipe_v3_0_5_viv__parameterized115: floating_point_MAC, 
case__174: mm_multiplier__GCB0, 
case__326: mm_multiplier__GCB1, 
delay__parameterized20: floating_point_MAC, 
logic__97: floating_point_MAC, 
reg__48: floating_point_MAC, 
logic__502: floating_point_MAC, 
reg__37: floating_point_MAC, 
case__200: mm_multiplier__GCB0, 
reg__61: floating_point_MAC, 
logic__52: floating_point_MAC, 
case__11: floating_point_MAC, 
case__141: mm_multiplier__GCB0, 
case__158: mm_multiplier__GCB0, 
logic__1276: mm_multiplier__GCB1, 
logic__1755: mm_multiplier__GCB0, 
logic__1531: mm_multiplier__GCB1, 
logic__470: floating_point_MAC, 
reg__173: my_pe__xdcDup__53__GC0, 
carry_chain__parameterized6: floating_point_MAC, 
reg__127: my_pe__xdcDup__7__GC0, 
logic__126: floating_point_MAC, 
logic__188: floating_point_MAC, 
case__41: floating_point_MAC, 
logic__383: floating_point_MAC, 
logic__531: floating_point_MAC, 
case__295: mm_multiplier__GCB1, 
case__246: mm_multiplier__GCB0, 
logic__482: floating_point_MAC, 
reg__12: floating_point_MAC, 
case__153: mm_multiplier__GCB0, 
delay__parameterized18: floating_point_MAC, 
reg__133: my_pe__xdcDup__13__GC0, 
logic__109: floating_point_MAC, 
logic__829: mm_multiplier__GCB1, 
case__278: mm_multiplier__GCB1, 
my_pe__xdcDup__33__GC0: my_pe__xdcDup__33__GC0, 
logic__391: floating_point_MAC, 
xbip_pipe_v3_0_5_viv__parameterized79: floating_point_MAC, 
reg__320: mm_multiplier__GCB1, 
logic__862: mm_multiplier__GCB1, 
reg__118: floating_point_MAC, 
my_pe__xdcDup__10__GC0: my_pe__xdcDup__10__GC0, 
case__165: mm_multiplier__GCB0, 
my_pe__xdcDup__63__GC0: my_pe__xdcDup__63__GC0, 
case__12: floating_point_MAC, 
my_pe__xdcDup__29__GC0: my_pe__xdcDup__29__GC0, 
logic__1757: mm_multiplier__GCB0, 
case__254: mm_multiplier__GCB0, 
logic__523: floating_point_MAC, 
flt_fma_add_logic: floating_point_MAC, 
case__159: mm_multiplier__GCB0, 
logic__1675: mm_multiplier__GCB1, 
logic__588: floating_point_MAC, 
logic__1258: mm_multiplier__GCB1, 
case__335: mm_multiplier__GCB1, 
reg__211: mm_multiplier__GCB0, 
reg__308: mm_multiplier__GCB1, 
reg__249: mm_multiplier__GCB0, 
logic__1222: mm_multiplier__GCB1, 
