reg__94: reg__94
reg__267: reg__267
carry_chain__parameterized8: carry_chain__parameterized8
xbip_pipe_v3_0_5_viv__parameterized77__65: xbip_pipe_v3_0_5_viv__parameterized77
compare_gt__64: compare_gt
shift_msb_first: shift_msb_first
case__201: case__201
reg__227: reg__227
logic__991: logic__991
case__169: case__169
floating_point_MAC: floating_point_MAC
flt_fma_mul: flt_fma_mul
compare_eq_im__parameterized0: compare_eq_im__parameterized0
reg__31: reg__31
logic__505: logic__505
datapath__47: datapath__33
case__27: case__27
reg__305: reg__305
datapath__18: datapath__18
logic__529: logic__529
delay_line__parameterized2: delay_line__parameterized2
logic__446: logic__446
logic__1315: logic__1315
case__291: case__291
logic__347: logic__347
my_pe__xdcDup__20__GC0: my_pe__xdcDup__20__GC0
case__47: case__47
case__301: case__301
case__6: case__6
logic__1582: logic__1582
case__81: case__81
reg__44: reg__44
case__213: case__213
logic__1749: logic__1749
delay__parameterized25__69: delay__parameterized25
logic__140: logic__140
case__42: case__42
case__280: case__280
case__204: case__204
keep__2215: keep__2178
keep__2263: keep__2184
reg__281: reg__281
logic__516: logic__516
case__262: case__262
logic__1546: logic__1546
reg__247: reg__247
case__222: case__222
xbip_pipe_v3_0_5_viv__parameterized11__66: xbip_pipe_v3_0_5_viv__parameterized11
logic__162: logic__162
reg__66: reg__66
reg__71: reg__71
reg__313: reg__313
delay: delay
logic__2129: logic
delay__parameterized15: delay__parameterized15
reg__138: reg__138
reg__40: reg__40
reg__283: reg__283
case__331: case__331
reg__286: reg__286
case__282: case__282
my_pe__xdcDup__57__GC0: my_pe__xdcDup__57__GC0
logic__739: logic__739
reg__111: reg__111
logic__170: logic__170
logic__844: logic__844
xbip_pipe_v3_0_5_viv__parameterized1__89: xbip_pipe_v3_0_5_viv__parameterized1
logic__137: logic__137
reg__114: reg__114
logic__2109: logic__386
delay__parameterized1__69: delay__parameterized1
logic__703: logic__703
keep__2206: keep__2206
delay__parameterized25__64: delay__parameterized25
delay__parameterized61: delay__parameterized61
delay__parameterized2__64: delay__parameterized2
case__325: case__325
reg__346: reg__16
logic__100: logic__100
delay__parameterized22__66: delay__parameterized22
reg__74: reg__74
xbip_pipe_v3_0_5_viv__parameterized5__79: xbip_pipe_v3_0_5_viv__parameterized5
datapath__15: datapath__15
delay__parameterized25__68: delay__parameterized25
mux4__parameterized1: mux4__parameterized1
delay__parameterized15__69: delay__parameterized15
case__84: case__84
logic__1294: logic__1294
my_pe__xdcDup__43__GC0: my_pe__xdcDup__43__GC0
keep__2218: keep__2177
reg__5: reg__5
case__311: case__311
my_pe__xdcDup__58__GC0: my_pe__xdcDup__58__GC0
delay__parameterized1: delay__parameterized1
case__242: case__242
xbip_pipe_v3_0_5_viv__parameterized23__72: xbip_pipe_v3_0_5_viv__parameterized23
reg__292: reg__292
logic__1330: logic__1330
reg__21: reg__21
keep__2222: keep__2177
case__225: case__225
case__118: case__118
xbip_pipe_v3_0_5_viv__parameterized5__69: xbip_pipe_v3_0_5_viv__parameterized5
case__307: case__307
keep__2244: keep__2177
delay__parameterized17: delay__parameterized17
xbip_pipe_v3_0_5_viv__parameterized49__64: xbip_pipe_v3_0_5_viv__parameterized49
logic__754: logic__754
delay__parameterized50: delay__parameterized50
logic__1096: logic__1096
keep__2176: keep__2176
muxpart__25: muxpart__1
logic__700: logic__700
case__100: case__100
delay__parameterized59: delay__parameterized59
case__55: case__55
datapath__11: datapath__11
flt_dec_op: flt_dec_op
delay__parameterized64: delay__parameterized64
dsp48e1: dsp48e1
case__101: case__101
xbip_pipe_v3_0_5_viv__parameterized3__66: xbip_pipe_v3_0_5_viv__parameterized3
case__69: case__69
xbip_pipe_v3_0_5_viv__parameterized5__64: xbip_pipe_v3_0_5_viv__parameterized5
delay__85: delay
case__195: case__195
reg__200: reg__200
keep__2191: keep__2191
case__116: case__116
xbip_pipe_v3_0_5_viv__parameterized1__68: xbip_pipe_v3_0_5_viv__parameterized1
xbip_pipe_v3_0_5_viv__parameterized1__94: xbip_pipe_v3_0_5_viv__parameterized1
delay__parameterized12__64: delay__parameterized12
keep__2220: keep__2177
logic__384: logic__384
case__221: case__221
muxpart__24: muxpart__24
datapath__53: datapath__27
reg__295: reg__295
case__283: case__283
reg__272: reg__272
reg__392: reg__58
muxpart__28: muxpart
xbip_pipe_v3_0_5_viv__parameterized1__88: xbip_pipe_v3_0_5_viv__parameterized1
reg__45: reg__45
logic__169: logic__169
xbip_pipe_v3_0_5_viv__parameterized1__87: xbip_pipe_v3_0_5_viv__parameterized1
case__337: case__337
xbip_pipe_v3_0_5_viv__parameterized33: xbip_pipe_v3_0_5_viv__parameterized33
logic__348: logic__348
reg__282: reg__282
logic__847: logic__847
reg__212: reg__212
reg__275: reg__275
logic__1603: logic__1603
logic__151: logic__151
keep__2210: keep__2177
case__250: case__250
case__89: case__89
case__63: case__63
case__135: case__135
xbip_pipe_v3_0_5_viv__parameterized23__81: xbip_pipe_v3_0_5_viv__parameterized23
delay__parameterized1__64: delay__parameterized1
reg__382: reg__36
delay__parameterized1__71: delay__parameterized1
reg__195: reg__195
reg__401: reg__18
case__68: case__68
case__240: case__240
case__264: case__264
reg__201: reg__201
xbip_pipe_v3_0_5_viv__parameterized1: xbip_pipe_v3_0_5_viv__parameterized1
muxpart__13: muxpart__13
case__151: case__151
case__52: case__52
xbip_pipe_v3_0_5_viv__parameterized5__67: xbip_pipe_v3_0_5_viv__parameterized5
reg__210: reg__210
keep__2277: keep__2180
logic__107: logic__107
reg__86: reg__86
reg__143: reg__143
xbip_pipe_v3_0_5_viv__parameterized5__82: xbip_pipe_v3_0_5_viv__parameterized5
logic__1754: logic__1754
mux4: mux4
delay__parameterized25: delay__parameterized25
delay__parameterized17__66: delay__parameterized17
case__24: case__24
reg__112: reg__112
delay__parameterized40: delay__parameterized40
muxpart__11: muxpart__11
case__316: case__316
logic__393: logic__393
delay__parameterized11__66: delay__parameterized11
reg__58: reg__58
delay__parameterized9__64: delay__parameterized9
reg__311: reg__311
logic__988: logic__988
case__98: case__98
reg__6: reg__6
xbip_pipe_v3_0_5_viv__parameterized11__64: xbip_pipe_v3_0_5_viv__parameterized11
xbip_pipe_v3_0_5_viv__parameterized75__64: xbip_pipe_v3_0_5_viv__parameterized75
logic__522: logic__522
shift_msb_first__parameterized0: shift_msb_first__parameterized0
my_pe__xdcDup__61__GC0: my_pe__xdcDup__61__GC0
case__95: case__95
keep__2207: keep__2207
xbip_pipe_v3_0_5_viv__parameterized5__86: xbip_pipe_v3_0_5_viv__parameterized5
reg__376: reg__35
reg__188: reg__188
delay__81: delay
case__184: case__184
logic__1240: logic__1240
my_pe__xdcDup__41__GC0: my_pe__xdcDup__41__GC0
muxpart__9: muxpart__9
keep__2279: keep__2180
logic__122: logic__122
reg__120: reg__120
logic__721: logic__721
xbip_pipe_v3_0_5_viv__parameterized43: xbip_pipe_v3_0_5_viv__parameterized43
xbip_pipe_v3_0_5_viv__parameterized1__73: xbip_pipe_v3_0_5_viv__parameterized1
case__183: case__183
reg__35: reg__35
xbip_pipe_v3_0_5_viv__parameterized25__65: xbip_pipe_v3_0_5_viv__parameterized25
delay__parameterized1__74: delay__parameterized1
keep__2283: keep__2178
xbip_pipe_v3_0_5_viv__parameterized1__98: xbip_pipe_v3_0_5_viv__parameterized1
delay__parameterized12: delay__parameterized12
reg__352: reg__16
case__10: case__10
reg__110: reg__110
datapath__32: datapath__32
keep__2266: keep__2177
reg__276: reg__276
keep__2274: keep__2187
flt_fma_addsub: flt_fma_addsub
reg__304: reg__304
reg__255: reg__255
case__17: case__17
reg__91: reg__91
reg__80: reg__80
logic__1657: logic__1657
delay__parameterized48: delay__parameterized48
logic__550: logic__550
my_pe__xdcDup__50__GC0: my_pe__xdcDup__50__GC0
xbip_pipe_v3_0_5_viv__parameterized5: xbip_pipe_v3_0_5_viv__parameterized5
my_pe__xdcDup__18__GC0: my_pe__xdcDup__18__GC0
reg__18: reg__18
logic__115: logic__115
datapath__70: datapath__10
reg__180: reg__180
keep__2250: keep__2197
case__312: case__312
xbip_pipe_v3_0_5_viv__parameterized23__80: xbip_pipe_v3_0_5_viv__parameterized23
delay__parameterized1__81: delay__parameterized1
logic__2090: logic__2090
logic__1045: logic__1045
reg__361: reg__35
logic__442: logic__442
reg__214: reg__214
reg__395: reg__42
case__327: case__327
reg__396: reg__33
xbip_pipe_v3_0_5_viv__parameterized13__64: xbip_pipe_v3_0_5_viv__parameterized13
case__161: case__161
reg__104: reg__104
xbip_pipe_v3_0_5_viv__parameterized23: xbip_pipe_v3_0_5_viv__parameterized23
logic__2099: logic__396
op_resize: op_resize
reg__203: reg__203
logic__649: logic__649
logic__2107: logic__388
keep__2224: keep__2177
reg__354: reg__16
delay__parameterized53: delay__parameterized53
xbip_pipe_v3_0_5_viv__parameterized57: xbip_pipe_v3_0_5_viv__parameterized57
case__267: case__267
xbip_pipe_v3_0_5_viv__parameterized19__64: xbip_pipe_v3_0_5_viv__parameterized19
case__45: case__45
delay__77: delay
logic__394: logic__394
reg__404: reg__17
delay__parameterized1__83: delay__parameterized1
reg__270: reg__270
delay__parameterized1__76: delay__parameterized1
delay__86: delay
reg__296: reg__296
case__266: case__266
reg__340: reg__16
delay__parameterized1__73: delay__parameterized1
reg__170: reg__170
delay__parameterized3: delay__parameterized3
case__66: case__66
datapath__30: datapath__30
delay__parameterized4__66: delay__parameterized4
case__14: case__14
reg__172: reg__172
case__294: case__294
case__231: case__231
my_pe__xdcDup__31__GC0: my_pe__xdcDup__31__GC0
delay__parameterized41__64: delay__parameterized41
case__227: case__227
logic__2110: logic__385
delay__parameterized47: delay__parameterized47
keep__2280: keep__2179
logic__1006: logic__1006
delay__parameterized67: delay__parameterized67
xbip_pipe_v3_0_5_viv__parameterized67: xbip_pipe_v3_0_5_viv__parameterized67
case__188: case__188
logic__2089: logic__2089
mux4__parameterized2: mux4__parameterized2
logic__512: logic__512
logic__176: logic__176
logic__368: logic__368
delay__parameterized4__64: delay__parameterized4
logic__898: logic__898
case__31: case__31
muxpart__12: muxpart__12
xbip_pipe_v3_0_5_viv__parameterized13: xbip_pipe_v3_0_5_viv__parameterized13
reg__175: reg__175
reg__141: reg__141
logic__31: logic__31
xbip_pipe_v3_0_5_viv__parameterized23__85: xbip_pipe_v3_0_5_viv__parameterized23
case__322: case__322
logic__1135: logic__1135
keep__2199: keep__2199
case__168: case__168
logic__168: logic__168
logic__682: logic__682
delay__parameterized8__64: delay__parameterized8
flt_fma_align_add: flt_fma_align_add
xbip_pipe_v3_0_5_viv__parameterized41__64: xbip_pipe_v3_0_5_viv__parameterized41
reg__152: reg__152
carry_chain: carry_chain
reg__370: reg__24
my_pe__xdcDup__36__GC0: my_pe__xdcDup__36__GC0
reg__231: reg__231
delay__parameterized58: delay__parameterized58
xbip_pipe_v3_0_5_viv__parameterized85__64: xbip_pipe_v3_0_5_viv__parameterized85
logic__1189: logic__1189
datapath__62: datapath__18
reg__371: reg__24
case__277: case__277
case__249: case__249
reg__177: reg__177
reg__32: reg__32
logic__380: logic__380
reg__350: reg__16
logic__1423: logic__1423
reg__100: reg__100
reg__273: reg__273
my_pe__xdcDup__54__GC0: my_pe__xdcDup__54__GC0
datapath__51: datapath__29
delay__parameterized5: delay__parameterized5
xbip_pipe_v3_0_5_viv__parameterized71: xbip_pipe_v3_0_5_viv__parameterized71
delay__parameterized17__67: delay__parameterized17
reg__341: reg__16
delay_line__parameterized0: delay_line__parameterized0
xbip_pipe_v3_0_5_viv__parameterized1__80: xbip_pipe_v3_0_5_viv__parameterized1
logic__613: logic__613
xbip_pipe_v3_0_5_viv__parameterized119: xbip_pipe_v3_0_5_viv__parameterized119
case__176: case__176
xbip_pipe_v3_0_5_viv__parameterized1__78: xbip_pipe_v3_0_5_viv__parameterized1
case__243: case__243
logic__2083: logic__2083
logic__485: logic__485
reg__140: reg__140
case__46: case__46
logic__113: logic__113
delay__parameterized56: delay__parameterized56
xbip_pipe_v3_0_5_viv__parameterized29: xbip_pipe_v3_0_5_viv__parameterized29
my_pe__xdcDup__48__GC0: my_pe__xdcDup__48__GC0
keep__2205: keep__2205
xbip_pipe_v3_0_5_viv__parameterized35__66: xbip_pipe_v3_0_5_viv__parameterized35
reg: reg
xbip_pipe_v3_0_5_viv__parameterized23__66: xbip_pipe_v3_0_5_viv__parameterized23
flt_to_flt_conv_exp: flt_to_flt_conv_exp
delay__80: delay
reg__356: reg__60
logic__1063: logic__1063
reg__277: reg__277
case__252: case__252
logic__179: logic__179
reg__2: reg__2
logic__480: logic__480
logic__508: logic__508
logic__916: logic__916
xbip_pipe_v3_0_5_viv__parameterized5__68: xbip_pipe_v3_0_5_viv__parameterized5
logic__1438: logic__1438
delay__parameterized9__65: delay__parameterized9
keep__2240: keep__2177
reg__10: reg__10
reg__330: reg__35
logic__1132: logic__1132
reg__183: reg__183
my_pe__xdcDup__26__GC0: my_pe__xdcDup__26__GC0
logic__385: logic__385
reg__155: reg__155
reg__115: reg__115
logic__47: logic__47
my_pe__xdcDup__15__GC0: my_pe__xdcDup__15__GC0
delay__parameterized34: delay__parameterized34
carry_chain__parameterized2: carry_chain__parameterized2
logic__520: logic__520
reg__60: reg__60
datapath__57: datapath__23
logic__98: logic__98
reg__307: reg__307
reg__355: reg__16
case__304: case__304
logic__1186: logic__1186
keep__2189: keep__2189
xbip_pipe_v3_0_5_viv__parameterized61: xbip_pipe_v3_0_5_viv__parameterized61
case__317: case__317
xbip_pipe_v3_0_5_viv__parameterized5__70: xbip_pipe_v3_0_5_viv__parameterized5
flt_fma_round_bit: flt_fma_round_bit
keep__2190: keep__2190
logic__793: logic__793
case__289: case__289
case__193: case__193
delay__82: delay
reg__290: reg__290
reg__191: reg__191
my_pe__xdcDup__8__GC0: my_pe__xdcDup__8__GC0
case__186: case__186
reg__184: reg__184
reg__251: reg__251
xbip_pipe_v3_0_5_viv__parameterized55: xbip_pipe_v3_0_5_viv__parameterized55
my_pe__xdcDup__13__GC0: my_pe__xdcDup__13__GC0
reg__153: reg__153
reg__245: reg__245
my_pe__xdcDup__53__GC0: my_pe__xdcDup__53__GC0
reg__144: reg__144
xbip_pipe_v3_0_5_viv__parameterized117: xbip_pipe_v3_0_5_viv__parameterized117
delay__parameterized27: delay__parameterized27
reg__368: reg__41
reg__269: reg__269
logic__1477: logic__1477
case__211: case__211
case__79: case__79
case__215: case__215
logic__145: logic__145
case__124: case__124
reg__400: reg__25
logic__2100: logic__395
delay__parameterized37: delay__parameterized37
keep__2286: keep__2177
xbip_pipe_v3_0_5_viv__parameterized1__90: xbip_pipe_v3_0_5_viv__parameterized1
case__59: case__59
case__40: case__40
logic__570: logic__570
logic__1618: logic__1618
case__145: case__145
my_pe__xdcDup__38__GC0: my_pe__xdcDup__38__GC0
keep__2288: keep__2177
my_pe__xdcDup__46__GC0: my_pe__xdcDup__46__GC0
reg__76: reg__76
case__293: case__293
muxpart__3: muxpart__3
logic__395: logic__395
case__32: case__32
logic__434: logic__434
reg__337: reg__16
reg__78: reg__78
reg__119: reg__119
case__303: case__303
delay__parameterized25__70: delay__parameterized25
muxpart__20: muxpart__20
case__137: case__137
counter__2: counter__2
reg__402: reg__17
logic__1312: logic__1312
xbip_pipe_v3_0_5_viv__parameterized11: xbip_pipe_v3_0_5_viv__parameterized11
delay_line__parameterized3: delay_line__parameterized3
reg__87: reg__87
logic__595: logic__595
xbip_pipe_v3_0_5_viv__parameterized45__64: xbip_pipe_v3_0_5_viv__parameterized45
reg__364: reg__35
case__20: case__20
reg__79: reg__79
delay__parameterized22__64: delay__parameterized22
compare_ge: compare_ge
keep__2177: keep__2177
logic__664: logic__664
case__37: case__37
logic__449: logic__449
delay__parameterized32: delay__parameterized32
reg__271: reg__271
keep__2184: keep__2184
xbip_pipe_v3_0_5_viv__parameterized93: xbip_pipe_v3_0_5_viv__parameterized93
reg__96: reg__96
logic__372: logic__372
delay__parameterized60: delay__parameterized60
keep__2248: keep__2177
logic__471: logic__471
logic__1639: logic__1639
case__121: case__121
case__134: case__134
delay__parameterized66: delay__parameterized66
case__35: case__35
logic__152: logic__152
logic__474: logic__474
xbip_pipe_v3_0_5_viv__parameterized25__64: xbip_pipe_v3_0_5_viv__parameterized25
case__77: case__77
case__43: case__43
reg__196: reg__196
logic__427: logic__427
delay__88: delay
logic__125: logic__125
muxpart__23: muxpart__23
keep__2219: keep__2178
my_pe__xdcDup__51__GC0: my_pe__xdcDup__51__GC0
reg__109: reg__109
logic__1459: logic__1459
delay__65: delay
logic__1654: logic__1654
reg__163: reg__163
keep__2223: keep__2178
logic__387: logic__387
logic__667: logic__667
logic__2122: logic__373
keep__2183: keep__2183
keep__2259: keep__2184
keep__2178: keep__2178
datapath__68: datapath__12
carry_chain__parameterized7: carry_chain__parameterized7
reg__265: reg__265
delay__parameterized43: delay__parameterized43
reg__165: reg__165
case__21: case__21
xbip_pipe_v3_0_5_viv__parameterized5__77: xbip_pipe_v3_0_5_viv__parameterized5
keep__2212: keep__2177
reg__57: reg__57
case__182: case__182
logic__431: logic__431
case__209: case__209
keep__2234: keep__2177
keep__2281: keep__2178
logic__161: logic__161
logic__1420: logic__1420
my_pe__xdcDup__28__GC0: my_pe__xdcDup__28__GC0
xbip_pipe_v3_0_5_viv__parameterized69: xbip_pipe_v3_0_5_viv__parameterized69
keep__2239: keep__2178
keep__2271: keep__2190
reg__27: reg__27
xbip_pipe_v3_0_5_viv__parameterized5__81: xbip_pipe_v3_0_5_viv__parameterized5
case__302: case__302
logic__610: logic__610
case__265: case__265
logic__143: logic__143
logic__2108: logic__387
delay__parameterized22: delay__parameterized22
logic__389: logic__389
case__61: case__61
xbip_pipe_v3_0_5_viv__parameterized5__83: xbip_pipe_v3_0_5_viv__parameterized5
case__154: case__154
reg__345: reg__16
delay__76: delay
case__44: case__44
logic__1693: logic__1693
reg__386: reg__64
datapath__4: datapath__4
delay__parameterized27__64: delay__parameterized27
datapath__69: datapath__11
case__296: case__296
logic__17: logic__17
datapath__40: datapath__40
special_detect__parameterized0: special_detect__parameterized0
case__181: case__181
logic__571: logic__571
reg__13: reg__13
xbip_pipe_v3_0_5_viv__parameterized11__65: xbip_pipe_v3_0_5_viv__parameterized11
delay__70: delay
reg__377: reg__35
logic__103: logic__103
reg__164: reg__164
reg__16: reg__16
xbip_pipe_v3_0_5_viv__parameterized5__74: xbip_pipe_v3_0_5_viv__parameterized5
logic__934: logic__934
xbip_pipe_v3_0_5_viv__parameterized91: xbip_pipe_v3_0_5_viv__parameterized91
delay_line__parameterized4: delay_line__parameterized4
reg__53: reg__53
reg__238: reg__238
reg__33: reg__33
datapath__33: datapath__33
reg__358: reg__70
reg__129: reg__129
case__138: case__138
keep__2226: keep__2177
delay__parameterized26: delay__parameterized26
delay__parameterized0__66: delay__parameterized0
xbip_pipe_v3_0_5_viv__parameterized1__82: xbip_pipe_v3_0_5_viv__parameterized1
delay__parameterized29: delay__parameterized29
logic__2086: logic__2086
delay__parameterized11__72: delay__parameterized11
delay__parameterized44: delay__parameterized44
xbip_pipe_v3_0_5_viv__parameterized19: xbip_pipe_v3_0_5_viv__parameterized19
case__190: case__190
case__128: case__128
my_pe__xdcDup__49__GC0: my_pe__xdcDup__49__GC0
case__64: case__64
reg__136: reg__136
keep__2270: keep__2199
reg__65: reg__65
reg__9: reg__9
logic__375: logic__375
datapath__13: datapath__13
datapath__71: datapath__9
delay__parameterized38__64: delay__parameterized38
reg__383: reg__38
mm_multiplier__GCB1: mm_multiplier__GCB1
logic__628: logic__628
keep__2275: keep__2186
carry_chain__parameterized0: carry_chain__parameterized0
reg__73: reg__73
datapath__20: datapath__20
muxpart__4: muxpart__4
xbip_pipe_v3_0_5_viv__parameterized5__89: xbip_pipe_v3_0_5_viv__parameterized5
logic__2098: logic__397
delay__94: delay
delay__parameterized21: delay__parameterized21
my_pe__xdcDup__1__GC0: my_pe__xdcDup__1__GC0
xbip_pipe_v3_0_5_viv__parameterized23__86: xbip_pipe_v3_0_5_viv__parameterized23
floating_point_v7_1_7_viv: floating_point_v7_1_7_viv
delay__67: delay
reg__54: reg__54
datapath__6: datapath__6
case__87: case__87
reg__407: reg__16
case__49: case__49
datapath__61: datapath__19
delay__parameterized25__67: delay__parameterized25
logic__973: logic__973
logic__1009: logic__1009
datapath: datapath
case__73: case__73
xbip_pipe_v3_0_5_viv__parameterized87: xbip_pipe_v3_0_5_viv__parameterized87
case__333: case__333
xbip_pipe_v3_0_5_viv__parameterized1__66: xbip_pipe_v3_0_5_viv__parameterized1
logic__521: logic__521
reg__56: reg__56
reg__206: reg__206
logic__373: logic__373
case__163: case__163
xbip_pipe_v3_0_5_viv__parameterized23__77: xbip_pipe_v3_0_5_viv__parameterized23
reg__19: reg__19
reg__397: reg__28
reg__347: reg__16
logic__1756: logic__1756
logic__2091: logic__2091
logic__181: logic__181
case__56: case__56
logic__1729: logic__1729
logic__1528: logic__1528
logic__439: logic__439
reg__3: reg__3
delay__parameterized41__65: delay__parameterized41
logic__158: logic__158
logic__1279: logic__1279
xbip_pipe_v3_0_5_viv__parameterized1__71: xbip_pipe_v3_0_5_viv__parameterized1
logic: logic
reg__349: reg__16
reg__67: reg__67
datapath__64: datapath__16
delay__96: delay
case__5: case__5
xbip_pipe_v3_0_5_viv__parameterized27: xbip_pipe_v3_0_5_viv__parameterized27
case__257: case__257
case__276: case__276
muxpart__19: muxpart__19
delay__parameterized1__67: delay__parameterized1
keep__2185: keep__2185
logic__631: logic__631
xbip_pipe_v3_0_5_viv__parameterized1__77: xbip_pipe_v3_0_5_viv__parameterized1
xbip_pipe_v3_0_5_viv__parameterized1__99: xbip_pipe_v3_0_5_viv__parameterized1
xbip_pipe_v3_0_5_viv__parameterized121: xbip_pipe_v3_0_5_viv__parameterized121
my_pe__xdcDup__19__GC0: my_pe__xdcDup__19__GC0
reg__50: reg__50
reg__222: reg__222
delay__parameterized28: delay__parameterized28
delay__parameterized54__66: delay__parameterized54
xbip_pipe_v3_0_5_viv__parameterized1__74: xbip_pipe_v3_0_5_viv__parameterized1
reg__98: reg__98
reg__89: reg__89
case__236: case__236
delay__68: delay
case__268: case__268
reg__335: reg__71
delay__parameterized57: delay__parameterized57
logic__2125: logic__370
reg__285: reg__285
logic__685: logic__685
reg__20: reg__20
logic__175: logic__175
reg__187: reg__187
logic__352: logic__352
datapath__35: datapath__35
case__208: case__208
datapath__14: datapath__14
logic__396: logic__396
reg__186: reg__186
delay__parameterized5__64: delay__parameterized5
logic__513: logic__513
case__132: case__132
case__127: case__127
reg__236: reg__236
reg__324: reg__35
logic__44: logic__44
case__39: case__39
reg__399: reg__26
keep__2284: keep__2177
xbip_pipe_v3_0_5_viv__parameterized5__80: xbip_pipe_v3_0_5_viv__parameterized5
delay__parameterized4: delay__parameterized4
case__94: case__94
reg__391: reg__52
case__279: case__279
case__8: case__8
delay__parameterized54__67: delay__parameterized54
case__286: case__286
datapath__38: datapath__38
reg__43: reg__43
reg__72: reg__72
xbip_pipe_v3_0_5_viv__parameterized73: xbip_pipe_v3_0_5_viv__parameterized73
delay__parameterized20__65: delay__parameterized20
logic__2130: logic__17
reg__128: reg__128
reg__298: reg__298
xbip_pipe_v3_0_5_viv__parameterized113: xbip_pipe_v3_0_5_viv__parameterized113
xbip_pipe_v3_0_5_viv__parameterized1__65: xbip_pipe_v3_0_5_viv__parameterized1
my_pe__xdcDup__9__GC0: my_pe__xdcDup__9__GC0
logic__2126: logic__369
case__170: case__170
reg__190: reg__190
carry_chain__parameterized10: carry_chain__parameterized10
logic__1405: logic__1405
datapath__16: datapath__16
reg__122: reg__122
keep__2188: keep__2188
case__91: case__91
delay__84: delay
xbip_pipe_v3_0_5_viv__parameterized1__69: xbip_pipe_v3_0_5_viv__parameterized1
datapath__74: datapath__6
reg__253: reg__253
logic__105: logic__105
xbip_pipe_v3_0_5_viv__parameterized97__64: xbip_pipe_v3_0_5_viv__parameterized97
xbip_pipe_v3_0_5_viv__parameterized5__73: xbip_pipe_v3_0_5_viv__parameterized5
xbip_pipe_v3_0_5_viv__parameterized3: xbip_pipe_v3_0_5_viv__parameterized3
logic__30: logic__30
xbip_pipe_v3_0_5_viv__parameterized1__96: xbip_pipe_v3_0_5_viv__parameterized1
reg__193: reg__193
datapath__43: datapath__43
reg__30: reg__30
keep__2273: keep__2188
logic__970: logic__970
my_pe__xdcDup__30__GC0: my_pe__xdcDup__30__GC0
logic__538: logic__538
keep__2260: keep__2183
logic__386: logic__386
xbip_pipe_v3_0_5_viv__parameterized1__103: xbip_pipe_v3_0_5_viv__parameterized1
case__310: case__310
case__234: case__234
case__298: case__298
reg__312: reg__312
logic__584: logic__584
xbip_pipe_v3_0_5_viv__parameterized1__105: xbip_pipe_v3_0_5_viv__parameterized1
xbip_pipe_v3_0_5_viv__parameterized23__79: xbip_pipe_v3_0_5_viv__parameterized23
logic__174: logic__174
case__25: case__25
delay__parameterized65: delay__parameterized65
reg__314: reg__314
reg__154: reg__154
case__329: case__329
case__123: case__123
datapath__26: datapath__26
case__80: case__80
case__103: case__103
case__9: case__9
signinv: signinv
logic__1366: logic__1366
xbip_pipe_v3_0_5_viv__parameterized75: xbip_pipe_v3_0_5_viv__parameterized75
case__319: case__319
logic__2093: logic__2093
delay__parameterized19: delay__parameterized19
delay__parameterized1__77: delay__parameterized1
my_pe__xdcDup__5__GC0: my_pe__xdcDup__5__GC0
reg__264: reg__264
case__330: case__330
keep__2202: keep__2202
my_pe__xdcDup__40__GC0: my_pe__xdcDup__40__GC0
reg__393: reg__57
delay__parameterized68: delay__parameterized68
logic__790: logic__790
reg__278: reg__278
reg__217: reg__217
my_pe__xdcDup__62__GC0: my_pe__xdcDup__62__GC0
logic__457: logic__457
case__300: case__300
reg__34: reg__34
keep__2232: keep__2177
reg__218: reg__218
logic__189: logic__189
reg__130: reg__130
case__2: case__2
logic__901: logic__901
muxpart__18: muxpart__18
logic__1369: logic__1369
delay__parameterized15__67: delay__parameterized15
case__210: case__210
xbip_pipe_v3_0_5_viv__parameterized95: xbip_pipe_v3_0_5_viv__parameterized95
logic__1387: logic__1387
xbip_pipe_v3_0_5_viv__parameterized1__100: xbip_pipe_v3_0_5_viv__parameterized1
delay__90: delay
logic__191: logic__191
reg__374: reg__16
compare_eq_im__parameterized1: compare_eq_im__parameterized1
case__288: case__288
logic__2097: logic__2097
logic__132: logic__132
logic__955: logic__955
my_pe__xdcDup__42__GC0: my_pe__xdcDup__42__GC0
reg__64: reg__64
logic__1081: logic__1081
counter: counter
case__290: case__290
reg__160: reg__160
logic__2127: logic__17
xbip_pipe_v3_0_5_viv__parameterized63: xbip_pipe_v3_0_5_viv__parameterized63
case__60: case__60
case__173: case__173
datapath__39: datapath__39
datapath__59: datapath__21
case__299: case__299
case__237: case__237
carry_chain__parameterized11: carry_chain__parameterized11
case__106: case__106
logic__2095: logic__2095
keep__2237: keep__2178
reg__82: reg__82
case__255: case__255
xbip_pipe_v3_0_5_viv__parameterized23__82: xbip_pipe_v3_0_5_viv__parameterized23
reg__362: reg__35
xbip_pipe_v3_0_5_viv__parameterized35__67: xbip_pipe_v3_0_5_viv__parameterized35
reg__83: reg__83
delay__93: delay
delay__92: delay
delay__parameterized1__68: delay__parameterized1
case__284: case__284
reg__90: reg__90
delay__parameterized41: delay__parameterized41
case__334: case__334
reg__332: reg__35
datapath__58: datapath__22
case__162: case__162
logic__150: logic__150
case__247: case__247
carry_chain__parameterized3: carry_chain__parameterized3
delay__parameterized1__65: delay__parameterized1
keep__2247: keep__2178
delay__parameterized2__65: delay__parameterized2
logic__590: logic__590
logic__775: logic__775
flt_fma_add: flt_fma_add
logic__1495: logic__1495
logic__1750: logic__1750
keep__2211: keep__2178
xbip_pipe_v3_0_5_viv__parameterized71__64: xbip_pipe_v3_0_5_viv__parameterized71
reg__15: reg__15
case__1: case__1
logic__1027: logic__1027
reg__403: reg__18
logic__120: logic__120
case__269: case__269
case__85: case__85
logic__379: logic__379
case__275: case__275
delay__87: delay
delay__parameterized15__66: delay__parameterized15
xbip_pipe_v3_0_5_viv__parameterized1__72: xbip_pipe_v3_0_5_viv__parameterized1
logic__249: logic__249
case__82: case__82
xbip_pipe_v3_0_5_viv__parameterized1__101: xbip_pipe_v3_0_5_viv__parameterized1
xbip_pipe_v3_0_5_viv__parameterized31__67: xbip_pipe_v3_0_5_viv__parameterized31
reg__23: reg__23
case: case
carry_chain__parameterized12: carry_chain__parameterized12
datapath__55: datapath__25
logic__580: logic__580
reg__161: reg__161
reg__178: reg__178
case__34: case__34
case__71: case__71
logic__15: logic__15
case__219: case__219
logic__453: logic__453
case__86: case__86
delay__79: delay
delay__parameterized63: delay__parameterized63
lead_zero_encode: lead_zero_encode
xbip_pipe_v3_0_5_viv__parameterized23__78: xbip_pipe_v3_0_5_viv__parameterized23
delay__parameterized1__79: delay__parameterized1
case__191: case__191
keep__2193: keep__2193
logic__556: logic__556
logic__180: logic__180
delay__parameterized15__65: delay__parameterized15
logic__102: logic__102
logic__1243: logic__1243
case__253: case__253
keep__2238: keep__2177
carry_chain__65: carry_chain
reg__300: reg__300
delay__parameterized48__64: delay__parameterized48
case__88: case__88
logic__2119: logic__376
datapath__27: datapath__27
xbip_pipe_v3_0_5_viv__parameterized93__64: xbip_pipe_v3_0_5_viv__parameterized93
delay__parameterized7: delay__parameterized7
xbip_pipe_v3_0_5_viv__parameterized47: xbip_pipe_v3_0_5_viv__parameterized47
logic__106: logic__106
case__33: case__33
logic__2131: logic__15
reg__49: reg__49
case__218: case__218
xbip_pipe_v3_0_5_viv__parameterized7__64: xbip_pipe_v3_0_5_viv__parameterized7
reg__125: reg__125
delay__parameterized53__64: delay__parameterized53
keep__2180: keep__2180
case__318: case__318
reg__158: reg__158
datapath__10: datapath__10
xbip_pipe_v3_0_5_viv__parameterized51: xbip_pipe_v3_0_5_viv__parameterized51
my_pe__xdcDup__16__GC0: my_pe__xdcDup__16__GC0
delay__parameterized42: delay__parameterized42
case__321: case__321
logic__2124: logic__371
case__194: case__194
case__180: case__180
delay__parameterized20__64: delay__parameterized20
logic__477: logic__477
logic__2114: logic__381
logic__376: logic__376
reg__381: reg__37
case__157: case__157
case__22: case__22
delay__parameterized11__71: delay__parameterized11
logic__919: logic__919
keep__2195: keep__2195
keep__2278: keep__2179
reg__384: reg__37
flt_fma_specialcase: flt_fma_specialcase
datapath__28: datapath__28
special_detect__65: special_detect
case__152: case__152
xbip_pipe_v3_0_5_viv__parameterized1__79: xbip_pipe_v3_0_5_viv__parameterized1
datapath__1: datapath__1
delay__parameterized11__73: delay__parameterized11
case__122: case__122
reg__168: reg__168
reg__342: reg__16
logic__532: logic__532
xbip_pipe_v3_0_5_viv__parameterized5__85: xbip_pipe_v3_0_5_viv__parameterized5
reg__116: reg__116
reg__353: reg__16
reg__25: reg__25
case__140: case__140
keep__2228: keep__2177
delay__parameterized45: delay__parameterized45
logic__1114: logic__1114
logic__101: logic__101
logic__2087: logic__2087
xbip_pipe_v3_0_5_viv__parameterized97: xbip_pipe_v3_0_5_viv__parameterized97
delay__parameterized69: delay__parameterized69
case__130: case__130
xbip_pipe_v3_0_5_viv__parameterized1__104: xbip_pipe_v3_0_5_viv__parameterized1
keep__2235: keep__2178
datapath__63: datapath__17
my_pe__xdcDup__39__GC0: my_pe__xdcDup__39__GC0
logic__2084: logic__2084
reg__241: reg__241
reg__348: reg__16
delay__parameterized11__74: delay__parameterized11
logic__2085: logic__2085
reg__92: reg__92
reg__378: reg__68
reg__132: reg__132
delay__parameterized1__82: delay__parameterized1
xbip_pipe_v3_0_5_viv__parameterized83: xbip_pipe_v3_0_5_viv__parameterized83
logic__381: logic__381
case__7: case__7
delay_line__parameterized1: delay_line__parameterized1
reg__101: reg__101
zero_det_sel: zero_det_sel
reg__237: reg__237
delay__parameterized10: delay__parameterized10
keep__2267: keep__2178
my_pe__xdcDup__4__GC0: my_pe__xdcDup__4__GC0
delay__64: delay
keep__2285: keep__2178
reg__105: reg__105
reg__146: reg__146
case__143: case__143
mm_multiplier__GCB0: mm_multiplier__GCB0
case__233: case__233
keep__2245: keep__2178
xbip_pipe_v3_0_5_viv__parameterized23__74: xbip_pipe_v3_0_5_viv__parameterized23
logic__173: logic__173
carry_chain__parameterized11__64: carry_chain__parameterized11
logic__1600: logic__1600
delay__parameterized1__80: delay__parameterized1
delay__parameterized11__75: delay__parameterized11
case__306: case__306
case__179: case__179
delay__parameterized17__64: delay__parameterized17
case__297: case__297
logic__1042: logic__1042
reg__198: reg__198
logic__397: logic__397
case__74: case__74
reg__213: reg__213
delay__parameterized11__65: delay__parameterized11
reg__262: reg__262
reg__310: reg__310
delay__parameterized2: delay__parameterized2
xbip_pipe_v3_0_5_viv__parameterized1__95: xbip_pipe_v3_0_5_viv__parameterized1
logic__1261: logic__1261
xbip_pipe_v3_0_5_viv__parameterized81: xbip_pipe_v3_0_5_viv__parameterized81
xbip_pipe_v3_0_5_viv__parameterized1__76: xbip_pipe_v3_0_5_viv__parameterized1
keep__2242: keep__2177
logic__127: logic__127
delay__parameterized54__65: delay__parameterized54
logic__952: logic__952
reg__63: reg__63
logic__144: logic__144
reg__369: reg__40
reg__239: reg__239
delay__parameterized1__85: delay__parameterized1
logic__149: logic__149
case__15: case__15
reg__126: reg__126
delay__parameterized31: delay__parameterized31
reg__121: reg__121
logic__369: logic__369
case__192: case__192
xbip_pipe_v3_0_5_viv__parameterized53: xbip_pipe_v3_0_5_viv__parameterized53
logic__560: logic__560
my_pe__xdcDup__22__GC0: my_pe__xdcDup__22__GC0
xbip_pipe_v3_0_5_viv__parameterized35__65: xbip_pipe_v3_0_5_viv__parameterized35
logic__1621: logic__1621
logic__2112: logic__383
xbip_pipe_v3_0_5_viv__parameterized23__65: xbip_pipe_v3_0_5_viv__parameterized23
reg__293: reg__293
reg__139: reg__139
reg__156: reg__156
case__83: case__83
keep__2192: keep__2192
case__125: case__125
keep__2282: keep__2177
xbip_pipe_v3_0_5_viv__parameterized23__84: xbip_pipe_v3_0_5_viv__parameterized23
carry_chain__parameterized1: carry_chain__parameterized1
reg__257: reg__257
case__230: case__230
keep__2241: keep__2178
reg__406: reg__16
case__271: case__271
reg__343: reg__16
case__178: case__178
datapath__34: datapath__34
delay__parameterized35: delay__parameterized35
xbip_pipe_v3_0_5_viv__parameterized9: xbip_pipe_v3_0_5_viv__parameterized9
case__126: case__126
delay__parameterized55: delay__parameterized55
logic__24: logic__24
xbip_pipe_v3_0_5_viv__parameterized21: xbip_pipe_v3_0_5_viv__parameterized21
case__50: case__50
keep__2233: keep__2178
logic__155: logic__155
case__147: case__147
xbip_pipe_v3_0_5_viv__parameterized101: xbip_pipe_v3_0_5_viv__parameterized101
keep__2236: keep__2177
reg__41: reg__41
keep__2255: keep__2192
case__320: case__320
case__287: case__287
my_pe__xdcDup__11__GC0: my_pe__xdcDup__11__GC0
reg__52: reg__52
xbip_pipe_v3_0_5_viv__parameterized1__70: xbip_pipe_v3_0_5_viv__parameterized1
keep__2272: keep__2189
logic__481: logic__481
keep__2194: keep__2194
logic__592: logic__592
reg__162: reg__162
xbip_pipe_v3_0_5_viv__parameterized89: xbip_pipe_v3_0_5_viv__parameterized89
delay__parameterized25__71: delay__parameterized25
logic__1474: logic__1474
reg__244: reg__244
case__93: case__93
xbip_pipe_v3_0_5_viv__parameterized77__64: xbip_pipe_v3_0_5_viv__parameterized77
case__129: case__129
xbip_pipe_v3_0_5_viv__parameterized5__87: xbip_pipe_v3_0_5_viv__parameterized5
reg__363: reg__35
logic__1204: logic__1204
case__258: case__258
case__131: case__131
case__226: case__226
logic__736: logic__736
case__212: case__212
datapath__22: datapath__22
xbip_pipe_v3_0_5_viv__parameterized1__84: xbip_pipe_v3_0_5_viv__parameterized1
logic__757: logic__757
keep__2246: keep__2177
logic__110: logic__110
case__54: case__54
reg__235: reg__235
logic__358: logic__358
muxpart__2: muxpart__2
logic__1060: logic__1060
case__146: case__146
xbip_pipe_v3_0_5_viv__parameterized7: xbip_pipe_v3_0_5_viv__parameterized7
reg__7: reg__7
logic__370: logic__370
reg__287: reg__287
datapath__46: datapath__34
reg__28: reg__28
case__324: case__324
logic__526: logic__526
logic__1672: logic__1672
logic__1348: logic__1348
case__251: case__251
reg__268: reg__268
reg__327: reg__35
reg__202: reg__202
case__308: case__308
datapath__21: datapath__21
reg__319: reg__319
reg__351: reg__16
reg__84: reg__84
case__332: case__332
logic__596: logic__596
logic__646: logic__646
case__16: case__16
logic__2105: logic__390
keep__2257: keep__2192
xbip_pipe_v3_0_5_viv__parameterized7__65: xbip_pipe_v3_0_5_viv__parameterized7
xbip_pipe_v3_0_5_viv__parameterized23__83: xbip_pipe_v3_0_5_viv__parameterized23
case__216: case__216
xbip_pipe_v3_0_5_viv__parameterized125: xbip_pipe_v3_0_5_viv__parameterized125
delay__parameterized23: delay__parameterized23
datapath__29: datapath__29
reg__288: reg__288
delay__parameterized33: delay__parameterized33
muxpart__16: muxpart__16
logic__1168: logic__1168
reg__117: reg__117
delay__73: delay
special_detect__64: special_detect
xbip_pipe_v3_0_5_viv__parameterized103: xbip_pipe_v3_0_5_viv__parameterized103
case__248: case__248
reg__11: reg__11
my_pe__xdcDup__45__GC0: my_pe__xdcDup__45__GC0
logic__2113: logic__382
delay__parameterized1__70: delay__parameterized1
reg__366: reg__41
keep__2264: keep__2183
keep__2187: keep__2187
logic__190: logic__190
datapath__65: datapath__15
compare_ne_im: compare_ne_im
delay__parameterized0: delay__parameterized0
logic__2104: logic__391
reg__179: reg__179
xbip_pipe_v3_0_5_viv__parameterized31__69: xbip_pipe_v3_0_5_viv__parameterized31
logic__1456: logic__1456
case__229: case__229
delay__parameterized6__64: delay__parameterized6
my_pe__xdcDup__14__GC0: my_pe__xdcDup__14__GC0
case__76: case__76
logic__388: logic__388
reg__299: reg__299
reg__260: reg__260
reg__266: reg__266
xbip_pipe_v3_0_5_viv__parameterized1__85: xbip_pipe_v3_0_5_viv__parameterized1
reg__334: reg__35
case__272: case__272
delay__95: delay
reg__302: reg__302
carry_chain__parameterized4: carry_chain__parameterized4
logic__1492: logic__1492
reg__189: reg__189
reg__68: reg__68
reg__256: reg__256
my_pe__xdcDup__35__GC0: my_pe__xdcDup__35__GC0
reg__107: reg__107
case__235: case__235
my_pe__xdcDup__47__GC0: my_pe__xdcDup__47__GC0
case__29: case__29
xbip_pipe_v3_0_5_viv__parameterized31: xbip_pipe_v3_0_5_viv__parameterized31
xbip_pipe_v3_0_5_viv__parameterized95__64: xbip_pipe_v3_0_5_viv__parameterized95
keep__2204: keep__2204
xbip_pipe_v3_0_5_viv__parameterized107: xbip_pipe_v3_0_5_viv__parameterized107
logic__1117: logic__1117
reg__151: reg__151
reg__1: reg__1
datapath__41: datapath__41
reg__208: reg__208
datapath__17: datapath__17
mult_gen_v12_0_14_viv: mult_gen_v12_0_14_viv
keep__2216: keep__2177
logic__398: logic__398
xbip_pipe_v3_0_5_viv__parameterized23__69: xbip_pipe_v3_0_5_viv__parameterized23
xbip_pipe_v3_0_5_viv__parameterized37: xbip_pipe_v3_0_5_viv__parameterized37
logic__1549: logic__1549
xbip_pipe_v3_0_5_viv__parameterized5__88: xbip_pipe_v3_0_5_viv__parameterized5
logic__164: logic__164
reg__8: reg__8
case__263: case__263
xbip_pipe_v3_0_5_viv__parameterized123: xbip_pipe_v3_0_5_viv__parameterized123
case__285: case__285
case__113: case__113
logic__2106: logic__389
delay__parameterized16: delay__parameterized16
dsp: dsp
reg__95: reg__95
delay__parameterized1__75: delay__parameterized1
datapath__66: datapath__14
logic__1690: logic__1690
logic__430: logic__430
logic__200: logic__200
delay__78: delay
delay__parameterized1__66: delay__parameterized1
case__117: case__117
case__72: case__72
reg__150: reg__150
delay__parameterized25__65: delay__parameterized25
reg__46: reg__46
case__328: case__328
flt_fma: flt_fma
reg__4: reg__4
xbip_pipe_v3_0_5_viv__parameterized5__72: xbip_pipe_v3_0_5_viv__parameterized5
case__51: case__51
reg__357: reg__60
delay__parameterized11__69: delay__parameterized11
case__120: case__120
reg__70: reg__70
logic__509: logic__509
datapath__50: datapath__30
reg__389: reg__52
xbip_pipe_v3_0_5_viv__parameterized15: xbip_pipe_v3_0_5_viv__parameterized15
keep__2197: keep__2197
logic__131: logic__131
delay__parameterized11__70: delay__parameterized11
delay__parameterized9: delay__parameterized9
delay__parameterized24: delay__parameterized24
logic__108: logic__108
logic__488: logic__488
logic__1078: logic__1078
keep__2181: keep__2181
delay__parameterized36: delay__parameterized36
case__259: case__259
my_pe__xdcDup__21__GC0: my_pe__xdcDup__21__GC0
keep__2200: keep__2200
reg__225: reg__225
datapath__45: datapath__45
reg__113: reg__113
datapath__67: datapath__13
logic__224: logic__224
datapath__23: datapath__23
case__260: case__260
case__336: case__336
logic__25: logic__25
case__273: case__273
case__26: case__26
carry_chain__parameterized13: carry_chain__parameterized13
case__203: case__203
logic__492: logic__492
reg__47: reg__47
flt_fma_renorm_and_round_logic: flt_fma_renorm_and_round_logic
reg__39: reg__39
delay__parameterized22__65: delay__parameterized22
reg__134: reg__134
xbip_pipe_v3_0_5_viv__parameterized23__71: xbip_pipe_v3_0_5_viv__parameterized23
reg__26: reg__26
reg__75: reg__75
reg__69: reg__69
delay__parameterized1__72: delay__parameterized1
xbip_pipe_v3_0_5_viv__parameterized1__92: xbip_pipe_v3_0_5_viv__parameterized1
case__58: case__58
logic__1207: logic__1207
delay__parameterized38: delay__parameterized38
reg__102: reg__102
reg__226: reg__226
my_pe__xdcDup__17__GC0: my_pe__xdcDup__17__GC0
muxpart__1: muxpart__1
my_pe__xdcDup__23__GC0: my_pe__xdcDup__23__GC0
compare__64: compare
keep__2231: keep__2178
logic__883: logic__883
reg__142: reg__142
xbip_pipe_v3_0_5_viv__parameterized99: xbip_pipe_v3_0_5_viv__parameterized99
xbip_pipe_v3_0_5_viv__parameterized1__106: xbip_pipe_v3_0_5_viv__parameterized1
logic__38: logic__38
logic__2102: logic__393
keep__2213: keep__2178
reg__309: reg__309
reg__284: reg__284
case__196: case__196
datapath__48: datapath__32
reg__405: reg__16
case__171: case__171
datapath__49: datapath__31
xbip_pipe_v3_0_5_viv__parameterized41: xbip_pipe_v3_0_5_viv__parameterized41
case__197: case__197
keep__2186: keep__2186
case__112: case__112
datapath__31: datapath__31
reg__159: reg__159
reg__303: reg__303
my_pe__xdcDup__3__GC0: my_pe__xdcDup__3__GC0
reg__224: reg__224
my_pe__xdcDup__6__GC0: my_pe__xdcDup__6__GC0
xbip_pipe_v3_0_5_viv__parameterized1__91: xbip_pipe_v3_0_5_viv__parameterized1
reg__250: reg__250
datapath__7: datapath__7
reg__230: reg__230
reg__131: reg__131
addsub_logic: addsub_logic
reg__29: reg__29
reg__291: reg__291
reg__223: reg__223
keep__2262: keep__2183
case__38: case__38
logic__772: logic__772
compare_eq_im: compare_eq_im
keep__2229: keep__2178
reg__137: reg__137
logic__2111: logic__384
logic__351: logic__351
logic__1708: logic__1708
case__202: case__202
logic__1711: logic__1711
case__274: case__274
logic__2116: logic__379
carry_chain__64: carry_chain
logic__1752: logic__1752
reg__372: reg__24
keep: keep
case__292: case__292
muxpart__5: muxpart__5
logic__528: logic__528
delay__parameterized16__64: delay__parameterized16
logic__382: logic__382
delay__parameterized11__67: delay__parameterized11
reg__248: reg__248
reg__55: reg__55
case__241: case__241
my_pe__xdcDup__25__GC0: my_pe__xdcDup__25__GC0
logic__589: logic__589
keep__2276: keep__2185
logic__499: logic__499
muxpart__7: muxpart__7
my_pe__xdcDup__56__GC0: my_pe__xdcDup__56__GC0
reg__240: reg__240
my_pe__xdcDup__32__GC0: my_pe__xdcDup__32__GC0
logic__549: logic__549
reg__233: reg__233
case__108: case__108
case__92: case__92
delay__74: delay
xbip_pipe_v3_0_5_viv__parameterized35: xbip_pipe_v3_0_5_viv__parameterized35
case__62: case__62
reg__259: reg__259
reg__221: reg__221
logic__99: logic__99
keep__2249: keep__2198
reg__322: reg__35
reg__77: reg__77
case__3: case__3
logic__94: logic__94
muxpart__6: muxpart__6
reg__182: reg__182
logic__377: logic__377
logic__718: logic__718
xbip_pipe_v3_0_5_viv__parameterized31__66: xbip_pipe_v3_0_5_viv__parameterized31
reg__280: reg__280
logic__1351: logic__1351
keep__2196: keep__2196
datapath__19: datapath__19
reg__326: reg__35
logic__1297: logic__1297
case__205: case__205
reg__192: reg__192
case__214: case__214
delay__parameterized1__84: delay__parameterized1
xbip_pipe_v3_0_5_viv__parameterized31__64: xbip_pipe_v3_0_5_viv__parameterized31
logic__1567: logic__1567
reg__243: reg__243
case__67: case__67
case__13: case__13
xbip_pipe_v3_0_5_viv__parameterized1__75: xbip_pipe_v3_0_5_viv__parameterized1
reg__390: reg__52
delay__parameterized8: delay__parameterized8
logic__808: logic__808
logic__192: logic__192
logic__937: logic__937
case__224: case__224
my_pe__xdcDup__12__GC0: my_pe__xdcDup__12__GC0
datapath__42: datapath__42
case__245: case__245
reg__216: reg__216
logic__519: logic__519
reg__263: reg__263
reg__204: reg__204
delay__parameterized30: delay__parameterized30
case__207: case__207
logic__134: logic__134
logic__193: logic__193
reg__194: reg__194
logic__19: logic__19
case__107: case__107
logic__1171: logic__1171
carry_chain__parameterized5: carry_chain__parameterized5
my_pe__xdcDup__34__GC0: my_pe__xdcDup__34__GC0
logic__290: logic__290
flt_fma_alignment: flt_fma_alignment
reg__199: reg__199
reg__145: reg__145
logic__425: logic__425
reg__379: reg__63
xbip_pipe_v3_0_5_viv__parameterized5__78: xbip_pipe_v3_0_5_viv__parameterized5
muxpart__17: muxpart__17
reg__135: reg__135
logic__331: logic__331
logic__121: logic__121
muxpart__22: muxpart__22
logic__1384: logic__1384
case__185: case__185
delay__parameterized0__64: delay__parameterized0
logic__2118: logic__377
logic__541: logic__541
delay__parameterized6: delay__parameterized6
xbip_pipe_v3_0_5_viv__parameterized59: xbip_pipe_v3_0_5_viv__parameterized59
logic__187: logic__187
case__48: case__48
my_pe__xdcDup__52__GC0: my_pe__xdcDup__52__GC0
logic__498: logic__498
reg__373: reg__16
xbip_pipe_v3_0_5_viv__parameterized109: xbip_pipe_v3_0_5_viv__parameterized109
logic__1225: logic__1225
reg__228: reg__228
datapath__54: datapath__26
delay__parameterized4__65: delay__parameterized4
delay__69: delay
reg__51: reg__51
logic__880: logic__880
delay__parameterized54: delay__parameterized54
logic__390: logic__390
reg__205: reg__205
reg__81: reg__81
case__199: case__199
case__189: case__189
case__256: case__256
reg__103: reg__103
logic__139: logic__139
logic__371: logic__371
delay__parameterized15__68: delay__parameterized15
case__78: case__78
my_pe__xdcDup__24__GC0: my_pe__xdcDup__24__GC0
flt_fma_add_exp: flt_fma_add_exp
logic__2128: logic__15
logic__119: logic__119
logic__157: logic__157
case__315: case__315
reg__367: reg__40
reg__93: reg__93
compare_eq_im__65: compare_eq_im
reg__254: reg__254
case__109: case__109
case__99: case__99
xbip_pipe_v3_0_5_viv__parameterized1__102: xbip_pipe_v3_0_5_viv__parameterized1
logic__1333: logic__1333
delay__parameterized54__69: delay__parameterized54
xbip_pipe_v3_0_5_viv__parameterized17: xbip_pipe_v3_0_5_viv__parameterized17
delay__parameterized13: delay__parameterized13
case__223: case__223
keep__2253: keep__2202
reg__22: reg__22
logic__2088: logic__2088
logic__811: logic__811
xbip_pipe_v3_0_5_viv__parameterized99__64: xbip_pipe_v3_0_5_viv__parameterized99
keep__2254: keep__2201
logic__146: logic__146
reg__229: reg__229
logic__2123: logic__372
reg__42: reg__42
case__313: case__313
xbip_pipe_v3_0_5_viv__parameterized3__65: xbip_pipe_v3_0_5_viv__parameterized3
keep__2201: keep__2201
logic__114: logic__114
logic__138: logic__138
case__339: case__339
reg__279: reg__279
xbip_pipe_v3_0_5_viv__parameterized1__86: xbip_pipe_v3_0_5_viv__parameterized1
delay__parameterized49: delay__parameterized49
logic__551: logic__551
xbip_pipe_v3_0_5_viv__parameterized25: xbip_pipe_v3_0_5_viv__parameterized25
reg__171: reg__171
datapath__25: datapath__25
muxpart__8: muxpart__8
delay__parameterized62: delay__parameterized62
keep__2269: keep__2200
reg__317: reg__317
logic__116: logic__116
logic__2094: logic__2094
datapath__36: datapath__36
delay__parameterized40__64: delay__parameterized40
case__238: case__238
floating_point_v7_1_7: floating_point_v7_1_7
case__160: case__160
case__167: case__167
reg__24: reg__24
reg__394: reg__43
case__239: case__239
case__270: case__270
my_pe__xdcDup__44__GC0: my_pe__xdcDup__44__GC0
case__70: case__70
reg__289: reg__289
case__36: case__36
logic__530: logic__530
datapath__52: datapath__28
reg__149: reg__149
counter__1: counter__1
logic__163: logic__163
my_pe__xdcDup__27__GC0: my_pe__xdcDup__27__GC0
reg__365: reg__69
logic__1153: logic__1153
xbip_pipe_v3_0_5_viv__parameterized23__73: xbip_pipe_v3_0_5_viv__parameterized23
flt_fma_norm_logic: flt_fma_norm_logic
datapath__2: datapath__2
logic__1585: logic__1585
reg__318: reg__318
carry_chain__parameterized9: carry_chain__parameterized9
my_pe__GC0: my_pe__GC0
case__156: case__156
logic__1099: logic__1099
xbip_pipe_v3_0_5_viv__parameterized65: xbip_pipe_v3_0_5_viv__parameterized65
case__136: case__136
logic__1636: logic__1636
case__104: case__104
reg__360: reg__35
my_pe__xdcDup__60__GC0: my_pe__xdcDup__60__GC0
logic__374: logic__374
case__18: case__18
reg__359: reg__35
reg__14: reg__14
delay__parameterized11__68: delay__parameterized11
xbip_pipe_v3_0_5_viv__parameterized15__64: xbip_pipe_v3_0_5_viv__parameterized15
logic__378: logic__378
compare_eq_im__64: compare_eq_im
reg__261: reg__261
xbip_pipe_v3_0_5_viv__parameterized31__65: xbip_pipe_v3_0_5_viv__parameterized31
xbip_pipe_v3_0_5_viv__parameterized45: xbip_pipe_v3_0_5_viv__parameterized45
delay__parameterized14: delay__parameterized14
my_pe__xdcDup__2__GC0: my_pe__xdcDup__2__GC0
keep__2221: keep__2178
xbip_pipe_v3_0_5_viv__parameterized105: xbip_pipe_v3_0_5_viv__parameterized105
logic__2121: logic__374
reg__331: reg__35
case__305: case__305
my_pe__xdcDup__55__GC0: my_pe__xdcDup__55__GC0
case__102: case__102
case__111: case__111
case__144: case__144
case__115: case__115
delay_line: delay_line
muxpart__21: muxpart__21
reg__123: reg__123
delay__75: delay
datapath__12: datapath__12
delay__parameterized38__65: delay__parameterized38
logic__156: logic__156
xbip_pipe_v3_0_5_viv__parameterized5__65: xbip_pipe_v3_0_5_viv__parameterized5
logic__1513: logic__1513
my_pe__xdcDup__37__GC0: my_pe__xdcDup__37__GC0
reg__387: reg__64
logic__2132: logic
logic__2092: logic__2092
case__261: case__261
delay__72: delay
reg__124: reg__124
reg__316: reg__316
xbip_pipe_v3_0_5_viv__parameterized23__70: xbip_pipe_v3_0_5_viv__parameterized23
keep__2265: keep__2178
reg__85: reg__85
case__338: case__338
logic__128: logic__128
keep__2179: keep__2179
xbip_pipe_v3_0_5_viv__parameterized33__64: xbip_pipe_v3_0_5_viv__parameterized33
case__314: case__314
delay__parameterized23__64: delay__parameterized23
case__53: case__53
case__105: case__105
keep__2258: keep__2191
keep__2268: keep__2177
logic__167: logic__167
case__142: case__142
xbip_pipe_v3_0_5_viv__parameterized3__64: xbip_pipe_v3_0_5_viv__parameterized3
logic__826: logic__826
keep__2227: keep__2178
logic__392: logic__392
datapath__9: datapath__9
reg__321: reg__35
reg__297: reg__297
xbip_pipe_v3_0_5_viv__parameterized39: xbip_pipe_v3_0_5_viv__parameterized39
keep__2287: keep__2178
delay__parameterized25__72: delay__parameterized25
muxpart__14: muxpart__14
logic__1024: logic__1024
xbip_pipe_v3_0_5_viv__parameterized111: xbip_pipe_v3_0_5_viv__parameterized111
reg__301: reg__301
logic__1510: logic__1510
logic__2115: logic__380
logic__1726: logic__1726
reg__169: reg__169
reg__219: reg__219
logic__184: logic__184
reg__339: reg__16
reg__385: reg__36
reg__220: reg__220
delay__89: delay
delay__parameterized54__68: delay__parameterized54
xbip_pipe_v3_0_5_viv__parameterized1__97: xbip_pipe_v3_0_5_viv__parameterized1
case__187: case__187
datapath__37: datapath__37
delay__66: delay
xbip_pipe_v3_0_5_viv__parameterized1__81: xbip_pipe_v3_0_5_viv__parameterized1
datapath__56: datapath__24
logic__1150: logic__1150
case__232: case__232
reg__315: reg__315
xbip_pipe_v3_0_5_viv__parameterized1__83: xbip_pipe_v3_0_5_viv__parameterized1
logic__18: logic__18
reg__99: reg__99
keep__2182: keep__2182
case__175: case__175
reg__174: reg__174
muxpart__10: muxpart__10
case__4: case__4
delay__parameterized52: delay__parameterized52
logic__489: logic__489
datapath__60: datapath__20
case__28: case__28
xbip_pipe_v3_0_5_viv: xbip_pipe_v3_0_5_viv
xbip_pipe_v3_0_5_viv__parameterized5__66: xbip_pipe_v3_0_5_viv__parameterized5
reg__207: reg__207
case__166: case__166
logic__353: logic__353
logic__227: logic__227
my_pe__xdcDup__7__GC0: my_pe__xdcDup__7__GC0
xbip_pipe_v3_0_5_viv__parameterized23__67: xbip_pipe_v3_0_5_viv__parameterized23
reg__380: reg__38
case__114: case__114
reg__36: reg__36
logic__865: logic__865
logic__1402: logic__1402
logic__2096: logic__2096
reg__147: reg__147
xbip_pipe_v3_0_5_viv__parameterized23__68: xbip_pipe_v3_0_5_viv__parameterized23
datapath__44: datapath__44
case__19: case__19
reg__197: reg__197
xbip_pipe_v3_0_5_viv__parameterized49: xbip_pipe_v3_0_5_viv__parameterized49
delay__parameterized11: delay__parameterized11
case__244: case__244
reg__97: reg__97
reg__108: reg__108
reg__59: reg__59
logic__133: logic__133
xbip_pipe_v3_0_5_viv__parameterized5__71: xbip_pipe_v3_0_5_viv__parameterized5
compare_gt: compare_gt
datapath__8: datapath__8
reg__294: reg__294
case__177: case__177
reg__148: reg__148
keep__2230: keep__2177
reg__234: reg__234
datapath__3: datapath__3
logic__2101: logic__394
delay__parameterized46: delay__parameterized46
case__164: case__164
case__148: case__148
reg__274: reg__274
xbip_pipe_v3_0_5_viv__parameterized71__65: xbip_pipe_v3_0_5_viv__parameterized71
logic__104: logic__104
delay__83: delay
mux4__parameterized0: mux4__parameterized0
reg__258: reg__258
reg__242: reg__242
case__119: case__119
keep__2256: keep__2191
delay__parameterized54__64: delay__parameterized54
logic__2117: logic__378
reg__215: reg__215
keep__2217: keep__2178
case__228: case__228
logic__2103: logic__392
logic__230: logic__230
logic__53: logic__53
reg__166: reg__166
reg__246: reg__246
keep__2198: keep__2198
case__133: case__133
reg__252: reg__252
xbip_pipe_v3_0_5_viv__parameterized5__75: xbip_pipe_v3_0_5_viv__parameterized5
delay__71: delay
muxpart__15: muxpart__15
reg__232: reg__232
case__96: case__96
muxpart: muxpart
case__198: case__198
case__90: case__90
case__217: case__217
delay__parameterized39: delay__parameterized39
case__110: case__110
my_pe__xdcDup__59__GC0: my_pe__xdcDup__59__GC0
case__139: case__139
keep__2203: keep__2203
reg__62: reg__62
xbip_pipe_v3_0_5_viv__parameterized77: xbip_pipe_v3_0_5_viv__parameterized77
delay__parameterized51: delay__parameterized51
reg__167: reg__167
datapath__24: datapath__24
delay__parameterized11__64: delay__parameterized11
xbip_pipe_v3_0_5_viv__parameterized23__64: xbip_pipe_v3_0_5_viv__parameterized23
reg__408: reg__16
case__30: case__30
case__309: case__309
datapath__72: datapath__8
case__65: case__65
reg__88: reg__88
case__155: case__155
muxpart__26: muxpart
case__206: case__206
datapath__73: datapath__7
keep__2214: keep__2177
case__281: case__281
reg__398: reg__27
case__220: case__220
logic__565: logic__565
delay__91: delay
case__323: case__323
case__172: case__172
case__75: case__75
reg__181: reg__181
delay__parameterized15__64: delay__parameterized15
reg__344: reg__16
reg__157: reg__157
reg__106: reg__106
keep__2261: keep__2184
reg__38: reg__38
keep__2208: keep__2208
compare: compare
xbip_pipe_v3_0_5_viv__parameterized23__76: xbip_pipe_v3_0_5_viv__parameterized23
reg__176: reg__176
reg__375: reg__35
muxpart__27: muxpart__1
carry_chain__parameterized14: carry_chain__parameterized14
reg__185: reg__185
reg__306: reg__306
special_detect: special_detect
case__150: case__150
case__57: case__57
case__149: case__149
reg__17: reg__17
case__97: case__97
delay__parameterized1__78: delay__parameterized1
datapath__5: datapath__5
reg__328: reg__35
xbip_pipe_v3_0_5_viv__parameterized85: xbip_pipe_v3_0_5_viv__parameterized85
case__23: case__23
xbip_pipe_v3_0_5_viv__parameterized1__67: xbip_pipe_v3_0_5_viv__parameterized1
logic__1441: logic__1441
reg__209: reg__209
xbip_pipe_v3_0_5_viv__parameterized1__93: xbip_pipe_v3_0_5_viv__parameterized1
logic__1564: logic__1564
xbip_pipe_v3_0_5_viv__parameterized115: xbip_pipe_v3_0_5_viv__parameterized115
case__174: case__174
case__326: case__326
xbip_pipe_v3_0_5_viv__parameterized5__84: xbip_pipe_v3_0_5_viv__parameterized5
delay__parameterized20: delay__parameterized20
reg__388: reg__52
logic__97: logic__97
reg__48: reg__48
logic__502: logic__502
reg__37: reg__37
case__200: case__200
reg__61: reg__61
reg__336: reg__16
logic__52: logic__52
case__11: case__11
keep__2209: keep__2178
delay__parameterized1__86: delay__parameterized1
delay__parameterized17__65: delay__parameterized17
delay__parameterized0__65: delay__parameterized0
case__141: case__141
keep__2251: keep__2198
logic__1276: logic__1276
case__158: case__158
xbip_pipe_v3_0_5_viv__parameterized35__64: xbip_pipe_v3_0_5_viv__parameterized35
logic__1755: logic__1755
reg__325: reg__35
logic__1531: logic__1531
reg__173: reg__173
logic__470: logic__470
carry_chain__parameterized6: carry_chain__parameterized6
reg__127: reg__127
logic__126: logic__126
logic__2120: logic__375
logic__188: logic__188
case__41: case__41
logic__383: logic__383
logic__531: logic__531
case__295: case__295
case__246: case__246
logic__482: logic__482
reg__12: reg__12
case__153: case__153
delay__parameterized18: delay__parameterized18
xbip_pipe_v3_0_5_viv__parameterized23__75: xbip_pipe_v3_0_5_viv__parameterized23
reg__333: reg__35
reg__133: reg__133
logic__109: logic__109
logic__829: logic__829
case__278: case__278
my_pe__xdcDup__33__GC0: my_pe__xdcDup__33__GC0
logic__391: logic__391
xbip_pipe_v3_0_5_viv__parameterized89__64: xbip_pipe_v3_0_5_viv__parameterized89
xbip_pipe_v3_0_5_viv__parameterized79: xbip_pipe_v3_0_5_viv__parameterized79
delay__parameterized51__64: delay__parameterized51
reg__320: reg__320
logic__862: logic__862
reg__118: reg__118
case__165: case__165
reg__323: reg__35
my_pe__xdcDup__10__GC0: my_pe__xdcDup__10__GC0
xbip_pipe_v3_0_5_viv__parameterized1__64: xbip_pipe_v3_0_5_viv__parameterized1
my_pe__xdcDup__63__GC0: my_pe__xdcDup__63__GC0
xbip_pipe_v3_0_5_viv__parameterized41__65: xbip_pipe_v3_0_5_viv__parameterized41
logic__1757: logic__1757
my_pe__xdcDup__29__GC0: my_pe__xdcDup__29__GC0
keep__2252: keep__2197
case__12: case__12
case__254: case__254
logic__523: logic__523
reg__338: reg__16
delay__parameterized25__66: delay__parameterized25
flt_fma_add_logic: flt_fma_add_logic
case__159: case__159
logic__1675: logic__1675
logic__588: logic__588
logic__1258: logic__1258
case__335: case__335
reg__211: reg__211
reg__308: reg__308
reg__329: reg__35
xbip_pipe_v3_0_5_viv__parameterized31__68: xbip_pipe_v3_0_5_viv__parameterized31
xbip_pipe_v3_0_5_viv__parameterized5__76: xbip_pipe_v3_0_5_viv__parameterized5
reg__249: reg__249
keep__2243: keep__2178
keep__2225: keep__2178
logic__1222: logic__1222
