#-----------------------------------------------------------
# Vivado v2018.3 (64-bit)
# SW Build 2405991 on Thu Dec  6 23:38:27 MST 2018
# IP Build 2404404 on Fri Dec  7 01:43:56 MST 2018
# Start of session at: Fri Jun 11 15:30:26 2021
# Process ID: 20976
# Current directory: C:/Users/lucet/semester/21s-hardware-system-design/Project/Project_V0_interim/mm_mul
# Command line: vivado.exe -gui_launcher_event rodinguilauncherevent18020 C:\Users\lucet\semester\21s-hardware-system-design\Project\Project_V0_interim\mm_mul\mm_mul.xpr
# Log file: C:/Users/lucet/semester/21s-hardware-system-design/Project/Project_V0_interim/mm_mul/vivado.log
# Journal file: C:/Users/lucet/semester/21s-hardware-system-design/Project/Project_V0_interim/mm_mul\vivado.jou
#-----------------------------------------------------------
start_gui
open_project C:/Users/lucet/semester/21s-hardware-system-design/Project/Project_V0_interim/mm_mul/mm_mul.xpr
update_compile_order -fileset sources_1
launch_simulation
open_wave_config C:/Users/lucet/semester/21s-hardware-system-design/Project/Project_V0_interim/mm_mul/tb_mm_multiplier_behav.wcfg
source tb_mm_multiplier.tcl
close_sim
launch_simulation
open_wave_config C:/Users/lucet/semester/21s-hardware-system-design/Project/Project_V0_interim/mm_mul/tb_mm_multiplier_behav.wcfg
source tb_mm_multiplier.tcl
close_sim
launch_simulation
open_wave_config C:/Users/lucet/semester/21s-hardware-system-design/Project/Project_V0_interim/mm_mul/tb_mm_multiplier_behav.wcfg
source tb_mm_multiplier.tcl
close_sim
launch_simulation
open_wave_config C:/Users/lucet/semester/21s-hardware-system-design/Project/Project_V0_interim/mm_mul/tb_mm_multiplier_behav.wcfg
source tb_mm_multiplier.tcl
close_sim
launch_simulation
open_wave_config C:/Users/lucet/semester/21s-hardware-system-design/Project/Project_V0_interim/mm_mul/tb_mm_multiplier_behav.wcfg
source tb_mm_multiplier.tcl
close_sim
launch_simulation
open_wave_config C:/Users/lucet/semester/21s-hardware-system-design/Project/Project_V0_interim/mm_mul/tb_mm_multiplier_behav.wcfg
source tb_mm_multiplier.tcl
close_sim
launch_simulation
open_wave_config C:/Users/lucet/semester/21s-hardware-system-design/Project/Project_V0_interim/mm_mul/tb_mm_multiplier_behav.wcfg
source tb_mm_multiplier.tcl
set_property -name {xsim.simulate.runtime} -value {1500 ns} -objects [get_filesets sim_1]
close_sim
launch_simulation
open_wave_config C:/Users/lucet/semester/21s-hardware-system-design/Project/Project_V0_interim/mm_mul/tb_mm_multiplier_behav.wcfg
source tb_mm_multiplier.tcl
close_sim
launch_simulation
open_wave_config C:/Users/lucet/semester/21s-hardware-system-design/Project/Project_V0_interim/mm_mul/tb_mm_multiplier_behav.wcfg
source tb_mm_multiplier.tcl
close_sim
launch_simulation
open_wave_config C:/Users/lucet/semester/21s-hardware-system-design/Project/Project_V0_interim/mm_mul/tb_mm_multiplier_behav.wcfg
source tb_mm_multiplier.tcl
close_sim
launch_simulation
open_wave_config C:/Users/lucet/semester/21s-hardware-system-design/Project/Project_V0_interim/mm_mul/tb_mm_multiplier_behav.wcfg
source tb_mm_multiplier.tcl
close_sim
launch_simulation
open_wave_config C:/Users/lucet/semester/21s-hardware-system-design/Project/Project_V0_interim/mm_mul/tb_mm_multiplier_behav.wcfg
source tb_mm_multiplier.tcl
close_sim
launch_simulation
open_wave_config C:/Users/lucet/semester/21s-hardware-system-design/Project/Project_V0_interim/mm_mul/tb_mm_multiplier_behav.wcfg
source tb_mm_multiplier.tcl
close_sim
reset_run synth_1
launch_runs impl_1 -jobs 8
wait_on_run impl_1
